ExpansionExchangeMachine.Exchange|3686.830078 404.339996 5982.439941|160.266998 0.000000 0.000000
ExpansionTraderDenis.CLO_Clothing|3697.249512 402.01 5977.625488|70.482124 0.000000 -0.000000|SurgicalMask,FlatCap_BlackCheck,DressShoes_Brown,CivilianBelt,SlacksPants_Blue,ManSuit_Blue
ExpansionTraderMaria.CLACC_Clothing_Accessories|3696.455811 402.01 5980.193359|72.855278 0.000000 -0.000000|QuiltedJacket_Violet,Breeches_Beetcheck,SurgicalGloves_White,ThinFramesGlasses,BaseballCap_Pink,JoggingShoes_Violet,TaloonBag_Violet,Armband_Pink
ExpansionTraderNaomi.WPN_Weapons|3708.786865 402.01 5974.589844|-131.125488 0.000000 -0.000000|HunterPants_Spring,HuntingJacket_Summer,Balaclava3Holes_Black,CowboyHat_black,CombatBoots_Green,MilitaryBelt,HuntingBag,Armband_Black
ExpansionTraderSeth.ATT_Attachments|3710.265137 402.01 5973.340820|-158.777390 0.000000 -0.000000|CargoPants_Green,M65Jacket_Khaki,UKAssVest_Black,WorkingGloves_Black,AviatorGlasses,PilotkaCap,TTSKOBoots,AssaultBag_Black
ExpansionTraderIndar.SUP_Components|3714.531006 402.138 5961.776367|-166.883499 0.000000 -0.000000|ParamedicJacket_Blue,ParamedicPants_Blue,PoliceVest,NioshFaceMask,NBCGlovesGray,FlatCap_Blue,HikingBootsLow_Blue,MountainBag_Blue
ExpansionTraderJose.VEH_VehicleParts|3699.629883 402.01 5993.970215|116.581993 0.000000 0.000000|TrackSuitPants_Red,TrackSuitJacket_Red,MilitaryBoots_Redpunk,BeanieHat_Red,NioshFaceMask,ChildBag_Red
ExpansionTraderNiki.BLD_BuildingSupplies|3699.030029 402.013000 5973.439941|68.550491 0.000000 0.000000|ParamedicJacket_Blue,ParamedicPants_Blue,PoliceVest,NioshFaceMask,NBCGlovesGray,FlatCap_Blue,HikingBootsLow_Blue,MountainBag_Blue
ExpansionTraderGabi.CLO_MVS_Clothing|3684.15 406.762 5982.38|-33.6333 -0 0|ParamedicJacket_Blue,ParamedicPants_Blue,PoliceVest,NioshFaceMask,NBCGlovesGray,FlatCap_Blue,HikingBootsLow_Blue,MountainBag_Blue