ExpansionTraderLinda.BM_Armor|8064.008301 459.327362 9341.506836|127.744431 0.000000 -0.000000|MVS_Shirt_BDU_Multicam_Black,MVS_CombatPants_Multicam_Black,MVS_Combat_Vest_Heavy_OD,AviatorGlasses,TacticalGloves_Black,BaseballCap_CMMG_Black,MilitaryBoots_Redpunk,MVS_Assault_Pack_OD
ExpansionTraderEva.BM_Arms|8098.077148 458.983185 9301.282227|-145.543274 0.000000 -0.000000|MVS_Shirt_BDU_Multicam_Black,MVS_CombatPants_Multicam_Black,MVS_Combat_Vest_Heavy_OD,AviatorGlasses,TacticalGloves_Black,BaseballCap_CMMG_Black,MilitaryBoots_Redpunk,MVS_Assault_Pack_OD
ExpansionTraderHassan.BM_Narcotics|8078.367188 459.248169 9311.196289|-52.550491 0.000000 0.000000|MVS_Shirt_BDU_Multicam_Black,MVS_CombatPants_Multicam_Black,MVS_Combat_Vest_Heavy_OD,AviatorGlasses,TacticalGloves_Black,BaseballCap_CMMG_Black,MilitaryBoots_Redpunk,MVS_Assault_Pack_OD
ExpansionTraderBaty.BM_Treasure|8130.438965 458.014038 9316.393555|-168.446075 0.000000 -0.000000|MVS_Shirt_BDU_Multicam_Black,MVS_CombatPants_Multicam_Black,MVS_Combat_Vest_Heavy_OD,AviatorGlasses,TacticalGloves_Black,BaseballCap_CMMG_Black,MilitaryBoots_Redpunk,MVS_Assault_Pack_OD
