=====================================================================
== D:\TCAFiles\Users\jeremyw2\4073784\DayZServer_x64.exe
== D:\TCAFiles\Users\jeremyw2\4073784\DayZServer_x64.exe -config=D:\TCAFiles\Users\jeremyw2\4073784\Config.cfg -ip=45.59.162.21 -port=2491 "-mod=@CF;@Code Lock;@VPPAdminTools;@BaseBuildingPlus;@MuchFramework;@MuchStuffPack;@CannabisPlus;@Ear-Plugs;@DrugsPLUS;@SchanaModGlobalChat;@PvZmoD_CustomisableZombies;@MMG Base Storage;@Namalsk Island;@Namalsk Survival" "-servermod=" -profiles=D:\TCAFiles\Users\jeremyw2\4073784\profiles -name=profiles -BEpath=D:\TCAFiles\Users\jeremyw2\4073784\profiles\Battleye       -limitFPS=0
=====================================================================
Exe timestamp: 2024/08/19 08:49:29
Current time:  2024/08/29 19:24:48
Version 1.25.158593
=====================================================================

19:24:48.677 [Inputs] Loading inputs default "bin/constants.xml"
19:24:48.679 [Inputs] Loading inputs default "bin/specific.xml"
19:24:48.679 [Inputs] Loading inputs default "BBP_keybind/data/modded_Inputs.xml"
19:24:48.679 [Inputs] Loading inputs default "EarPlugs/data/inputs.xml"
19:24:48.680 [Inputs] Loading inputs default "LIVEN/PvZmoD_CustomisableZombies/inputs.xml"
19:24:48.680 [Inputs] Loading inputs default "nst/ns_dayz/scripts/Data/Inputs.xml"
19:24:48.680 [Inputs] Loading inputs default "VPPAdminTools/data/modded_Inputs.xml"
19:24:48.680 [Inputs] Loading inputs default "SchanaModGlobalChat/Data/Inputs.xml"
19:24:48.680 !!! [Inputs] Cannot load inputs default "", file does not exist
19:24:48.680 !!! [Inputs] Failed to load MODDED inputs - file name/ path invalid?
19:24:48.680 [Inputs] Loading inputs cfg "D:\TCAFiles\Users\jeremyw2\4073784\profiles\Users\profiles\Server.core.xml"
19:24:48.682 [Inputs] Exporting inputs cfg "D:\TCAFiles\Users\jeremyw2\4073784\profiles\Users\profiles\Server.core.xml"
19:24:54.763 [CE][Hive] :: Initializing OFFLINE
19:24:54.763 [StorageDirs] :: Selected storage directory: D:\TCAFiles\Users\jeremyw2\4073784\mpmissions\dayzed.namalsk\storage_380881\
19:24:54.763 [CE][Hive] :: Loading core data ... 
19:24:54.764 [CE][CoreData] :: 7 root classes, 0 defaults, 0 updaters...
19:24:54.766 [CE][offlineDB] :: Conversion of characters started.
19:24:54.769 [CE][offlineDB] :: Processing 0 players.
19:24:54.769 [CE][offlineDB] :: Conversion of characters successfully completed.
19:24:57.571 [CE] :: WARNING :: Preset map "headsFirefighter" is EMPTY.
19:24:57.572 [CE][TypeSetup] :: 589 classes setuped...
19:24:58.467 [CE][RegisterBind] :: 0 classes binded...
19:24:58.467 [CE][RegisterConfig] :: 12115 config classes registered, 0 sub-counters...
19:24:58.467 [CE][Hive] :: Loading map data ... 
19:24:58.487 [CE][LoadPrototype] :: loaded 325 prototypes
19:24:58.487   477 containers, 8006 points
19:24:58.487   35 dispatches, 122 proxies
19:24:58.487 !!! [CE][LoadPrototype] 1 groups have wrong points...
19:24:58.487 [CE][LoadPrototype] :: last group name: StaticObj_Misc_SupplyBox3_DE...
19:24:58.490 [CE][LoadPrototype] :: loaded 0 prototypes
19:24:58.490   38 containers, 66 points
19:24:58.490   0 dispatches, 0 proxies
19:24:58.490 [CE][LoadPrototype] :: last group name: StoneLoc38...
19:24:58.513 [CE][LoadMap] "Group" :: loaded 1445 groups, groups failed: 0, largest group range: 36.4
19:24:58.514 [CE][LoadMap] "Dirt" :: loaded 0 groups, groups failed: 0, largest group range: 36.4
19:24:58.516 [CE][Links] found 472 total links between groups, of 1445
19:24:58.516 [CE][LoadClusters] "Cluster" :: Loading files...
19:24:58.521 [CE][LoadClusters] :: file: "mapgroupcluster.xml", 1 types, 2418 instances
19:24:58.522 [CE][Storage] ver:0 stamp:0, valid:NO, name:"D:\TCAFiles\Users\jeremyw2\4073784\mpmissions\dayzed.namalsk\storage_380881\data\types.bin"
19:24:58.522 [CE][Storage] ver:0 stamp:0, valid:NO, name:"D:\TCAFiles\Users\jeremyw2\4073784\mpmissions\dayzed.namalsk\storage_380881\data\types.001"
19:24:58.522 [CE][Storage] ver:0 stamp:0, valid:NO, name:"D:\TCAFiles\Users\jeremyw2\4073784\mpmissions\dayzed.namalsk\storage_380881\data\types.002"
19:24:58.523 [CE][offlineDB] :: Loaded 23 dynamic events 175 total types.
19:24:58.530 !!! [CE][offlineDB] :: Type 'ChristmasTree' will be ignored. (Not spawnable. (Scope is not public?))
19:24:58.536 !!! [CE][offlineDB] :: Type 'CigarettePack_Chernamorka' will be ignored. (Type does not exist. (Typo?))
19:24:58.536 !!! [CE][offlineDB] :: Type 'CigarettePack_Merkur' will be ignored. (Type does not exist. (Typo?))
19:24:58.536 !!! [CE][offlineDB] :: Type 'CigarettePack_Partyzanka' will be ignored. (Type does not exist. (Typo?))
19:24:58.557 [CE][DE][SPAWNS] :: Total positions: 705
19:24:58.557 [CE][DE][GROUPS] :: Total eventgroups defined: 11, Eventgroups in use: 11
19:24:58.557 [CE][Storage] ver:0 stamp:0, valid:NO, name:"D:\TCAFiles\Users\jeremyw2\4073784\mpmissions\dayzed.namalsk\storage_380881\data\events.bin"
19:24:58.557 [CE][Storage] ver:0 stamp:0, valid:NO, name:"D:\TCAFiles\Users\jeremyw2\4073784\mpmissions\dayzed.namalsk\storage_380881\data\events.001"
19:24:58.557 [CE][Storage] ver:0 stamp:0, valid:NO, name:"D:\TCAFiles\Users\jeremyw2\4073784\mpmissions\dayzed.namalsk\storage_380881\data\events.002"
19:24:58.558 [CE][Storage] ver:0 stamp:0, valid:NO, name:"D:\TCAFiles\Users\jeremyw2\4073784\mpmissions\dayzed.namalsk\storage_380881\data\dynamic_000.bin"
19:24:58.558 [CE][Storage] ver:0 stamp:0, valid:NO, name:"D:\TCAFiles\Users\jeremyw2\4073784\mpmissions\dayzed.namalsk\storage_380881\data\dynamic_000.001"
19:24:58.558 [CE][Storage] ver:0 stamp:0, valid:NO, name:"D:\TCAFiles\Users\jeremyw2\4073784\mpmissions\dayzed.namalsk\storage_380881\data\dynamic_000.002"
19:24:58.558 [CE][Storage] ver:0 stamp:0, valid:NO, name:"D:\TCAFiles\Users\jeremyw2\4073784\mpmissions\dayzed.namalsk\storage_380881\data\dynamic_001.bin"
19:24:58.558 [CE][Storage] ver:0 stamp:0, valid:NO, name:"D:\TCAFiles\Users\jeremyw2\4073784\mpmissions\dayzed.namalsk\storage_380881\data\dynamic_001.001"
19:24:58.558 [CE][Storage] ver:0 stamp:0, valid:NO, name:"D:\TCAFiles\Users\jeremyw2\4073784\mpmissions\dayzed.namalsk\storage_380881\data\dynamic_001.002"
19:24:58.558 [CE][Storage] ver:0 stamp:0, valid:NO, name:"D:\TCAFiles\Users\jeremyw2\4073784\mpmissions\dayzed.namalsk\storage_380881\data\dynamic_002.bin"
19:24:58.558 [CE][Storage] ver:0 stamp:0, valid:NO, name:"D:\TCAFiles\Users\jeremyw2\4073784\mpmissions\dayzed.namalsk\storage_380881\data\dynamic_002.001"
19:24:58.558 [CE][Storage] ver:0 stamp:0, valid:NO, name:"D:\TCAFiles\Users\jeremyw2\4073784\mpmissions\dayzed.namalsk\storage_380881\data\dynamic_002.002"
19:24:58.558 [CE][Storage] ver:0 stamp:0, valid:NO, name:"D:\TCAFiles\Users\jeremyw2\4073784\mpmissions\dayzed.namalsk\storage_380881\data\dynamic_003.bin"
19:24:58.558 [CE][Storage] ver:0 stamp:0, valid:NO, name:"D:\TCAFiles\Users\jeremyw2\4073784\mpmissions\dayzed.namalsk\storage_380881\data\dynamic_003.001"
19:24:58.558 [CE][Storage] ver:0 stamp:0, valid:NO, name:"D:\TCAFiles\Users\jeremyw2\4073784\mpmissions\dayzed.namalsk\storage_380881\data\dynamic_003.002"
19:24:58.558 [CE][Storage] ver:0 stamp:0, valid:NO, name:"D:\TCAFiles\Users\jeremyw2\4073784\mpmissions\dayzed.namalsk\storage_380881\data\dynamic_004.bin"
19:24:58.558 [CE][Storage] ver:0 stamp:0, valid:NO, name:"D:\TCAFiles\Users\jeremyw2\4073784\mpmissions\dayzed.namalsk\storage_380881\data\dynamic_004.001"
19:24:58.558 [CE][Storage] ver:0 stamp:0, valid:NO, name:"D:\TCAFiles\Users\jeremyw2\4073784\mpmissions\dayzed.namalsk\storage_380881\data\dynamic_004.002"
19:24:58.558 [CE][Storage] ver:0 stamp:0, valid:NO, name:"D:\TCAFiles\Users\jeremyw2\4073784\mpmissions\dayzed.namalsk\storage_380881\data\dynamic_005.bin"
19:24:58.558 [CE][Storage] ver:0 stamp:0, valid:NO, name:"D:\TCAFiles\Users\jeremyw2\4073784\mpmissions\dayzed.namalsk\storage_380881\data\dynamic_005.001"
19:24:58.558 [CE][Storage] ver:0 stamp:0, valid:NO, name:"D:\TCAFiles\Users\jeremyw2\4073784\mpmissions\dayzed.namalsk\storage_380881\data\dynamic_005.002"
19:24:58.558 [CE][Storage] ver:0 stamp:0, valid:NO, name:"D:\TCAFiles\Users\jeremyw2\4073784\mpmissions\dayzed.namalsk\storage_380881\data\dynamic_006.bin"
19:24:58.558 [CE][Storage] ver:0 stamp:0, valid:NO, name:"D:\TCAFiles\Users\jeremyw2\4073784\mpmissions\dayzed.namalsk\storage_380881\data\dynamic_006.001"
19:24:58.558 [CE][Storage] ver:0 stamp:0, valid:NO, name:"D:\TCAFiles\Users\jeremyw2\4073784\mpmissions\dayzed.namalsk\storage_380881\data\dynamic_006.002"
19:24:58.558 [CE][Storage] ver:0 stamp:0, valid:NO, name:"D:\TCAFiles\Users\jeremyw2\4073784\mpmissions\dayzed.namalsk\storage_380881\data\dynamic_007.bin"
19:24:58.558 [CE][Storage] ver:0 stamp:0, valid:NO, name:"D:\TCAFiles\Users\jeremyw2\4073784\mpmissions\dayzed.namalsk\storage_380881\data\dynamic_007.001"
19:24:58.558 [CE][Storage] ver:0 stamp:0, valid:NO, name:"D:\TCAFiles\Users\jeremyw2\4073784\mpmissions\dayzed.namalsk\storage_380881\data\dynamic_007.002"
19:24:58.558 [CE][Storage] ver:0 stamp:0, valid:NO, name:"D:\TCAFiles\Users\jeremyw2\4073784\mpmissions\dayzed.namalsk\storage_380881\data\dynamic_008.bin"
19:24:58.558 [CE][Storage] ver:0 stamp:0, valid:NO, name:"D:\TCAFiles\Users\jeremyw2\4073784\mpmissions\dayzed.namalsk\storage_380881\data\dynamic_008.001"
19:24:58.558 [CE][Storage] ver:0 stamp:0, valid:NO, name:"D:\TCAFiles\Users\jeremyw2\4073784\mpmissions\dayzed.namalsk\storage_380881\data\dynamic_008.002"
19:24:58.559 [CE][Storage] ver:0 stamp:0, valid:NO, name:"D:\TCAFiles\Users\jeremyw2\4073784\mpmissions\dayzed.namalsk\storage_380881\data\dynamic_009.bin"
19:24:58.559 [CE][Storage] ver:0 stamp:0, valid:NO, name:"D:\TCAFiles\Users\jeremyw2\4073784\mpmissions\dayzed.namalsk\storage_380881\data\dynamic_009.001"
19:24:58.559 [CE][Storage] ver:0 stamp:0, valid:NO, name:"D:\TCAFiles\Users\jeremyw2\4073784\mpmissions\dayzed.namalsk\storage_380881\data\dynamic_009.002"
19:24:58.559 [CE][Storage] ver:0 stamp:0, valid:NO, name:"D:\TCAFiles\Users\jeremyw2\4073784\mpmissions\dayzed.namalsk\storage_380881\data\dynamic_010.bin"
19:24:58.559 [CE][Storage] ver:0 stamp:0, valid:NO, name:"D:\TCAFiles\Users\jeremyw2\4073784\mpmissions\dayzed.namalsk\storage_380881\data\dynamic_010.001"
19:24:58.559 [CE][Storage] ver:0 stamp:0, valid:NO, name:"D:\TCAFiles\Users\jeremyw2\4073784\mpmissions\dayzed.namalsk\storage_380881\data\dynamic_010.002"
19:24:58.559 [CE][Storage] ver:0 stamp:0, valid:NO, name:"D:\TCAFiles\Users\jeremyw2\4073784\mpmissions\dayzed.namalsk\storage_380881\data\dynamic_011.bin"
19:24:58.559 [CE][Storage] ver:0 stamp:0, valid:NO, name:"D:\TCAFiles\Users\jeremyw2\4073784\mpmissions\dayzed.namalsk\storage_380881\data\dynamic_011.001"
19:24:58.559 [CE][Storage] ver:0 stamp:0, valid:NO, name:"D:\TCAFiles\Users\jeremyw2\4073784\mpmissions\dayzed.namalsk\storage_380881\data\dynamic_011.002"
19:24:58.559 [CE][Storage] ver:0 stamp:0, valid:NO, name:"D:\TCAFiles\Users\jeremyw2\4073784\mpmissions\dayzed.namalsk\storage_380881\data\building.bin"
19:24:58.559 [CE][Storage] ver:0 stamp:0, valid:NO, name:"D:\TCAFiles\Users\jeremyw2\4073784\mpmissions\dayzed.namalsk\storage_380881\data\building.001"
19:24:58.559 [CE][Storage] ver:0 stamp:0, valid:NO, name:"D:\TCAFiles\Users\jeremyw2\4073784\mpmissions\dayzed.namalsk\storage_380881\data\building.002"
19:24:58.559 [CE][Storage] ver:0 stamp:0, valid:NO, name:"D:\TCAFiles\Users\jeremyw2\4073784\mpmissions\dayzed.namalsk\storage_380881\data\vehicles.bin"
19:24:58.559 [CE][Storage] ver:0 stamp:0, valid:NO, name:"D:\TCAFiles\Users\jeremyw2\4073784\mpmissions\dayzed.namalsk\storage_380881\data\vehicles.001"
19:24:58.559 [CE][Storage] ver:0 stamp:0, valid:NO, name:"D:\TCAFiles\Users\jeremyw2\4073784\mpmissions\dayzed.namalsk\storage_380881\data\vehicles.002"
19:24:58.559 [CE][Hive] :: Empty storage folder, reinitializing ... 
19:24:58.560 [CE][Hive] :: Initializing ... 
19:24:58.561 [CE][InitializeMap] :: initialized: 0
19:24:58.561 [CE][Hive] :: Initializing spawners ... 
19:24:58.668 !!! [CE][Point] Removing 7662.071289, 8789.262695 from land_hiluxT
19:24:58.709 [CE][LootRespawner] (PRIDummy) :: Item [0] causing search overtime: "BandageDressing"
19:24:58.827 [CE][LootRespawner] (PRIDummy) :: Item [1] causing search overtime: "StartKitIV"
19:24:58.893 [CE][LootRespawner] (PRIDummy) :: Item [2] causing search overtime: "IodineTincture"
19:24:58.925 [CE][LootRespawner] (PRIDummy) :: Item [0] is hard to place, performance drops: "TrackSuitJacket_Black"
19:24:58.947 [CE][LootRespawner] (PRIDummy) :: Item [1] is hard to place, performance drops: "TrackSuitPants_Green"
19:24:58.964 [CE][LootRespawner] (PRIDummy) :: Item [2] is hard to place, performance drops: "HuntingVest"
19:24:58.964 [CE][LootRespawner] (PRIDummy) :: Item [3] is hard to place, performance drops: "HuntingVest"
19:24:58.969 [CE][LootRespawner] (PRIDummy) :: Item [4] is hard to place, performance drops: "BurlapSack"
19:24:58.969 [CE][LootRespawner] (PRIDummy) :: Item [5] is hard to place, performance drops: "BurlapSack"
19:24:58.969 [CE][LootRespawner] (PRIDummy) :: Item [6] is hard to place, performance drops: "BurlapSack"
19:24:58.969 [CE][LootRespawner] (PRIDummy) :: Item [7] is hard to place, performance drops: "BurlapSack"
19:24:59.03 [CE][LootRespawner] (PRIDummy) :: Item [8] is hard to place, performance drops: "Msp_Mattress_Green"
19:24:59.03 [CE][LootRespawner] (PRIDummy) :: Item [9] is hard to place, performance drops: "Msp_Mattress_Green"
19:24:59.23 [CE][LootRespawner] (PRIDummy) :: Item [10] is hard to place, performance drops: "WG_CampingTent_Blue_Kit"
19:24:59.23 [CE][LootRespawner] (PRIDummy) :: Item [11] is hard to place, performance drops: "WG_CampingTent_Blue_Kit"
19:24:59.33 [CE][LootRespawner] (PRIDummy) :: Item [12] is hard to place, performance drops: "Hacksaw"
19:24:59.33 [CE][LootRespawner] (PRIDummy) :: Item [13] is hard to place, performance drops: "Hacksaw"
19:24:59.51 [CE][LootRespawner] (PRIDummy) :: Item [14] is hard to place, performance drops: "Broom"
19:24:59.51 [CE][LootRespawner] (PRIDummy) :: Item [15] is hard to place, performance drops: "Broom"
19:24:59.51 [CE][LootRespawner] (PRIDummy) :: Item [16] is hard to place, performance drops: "Broom"
19:24:59.52 [CE][LootRespawner] (PRIDummy) :: Item [17] is hard to place, performance drops: "Broom"
19:24:59.52 [CE][LootRespawner] (PRIDummy) :: Item [18] is hard to place, performance drops: "Broom"
19:24:59.61 [CE][LootRespawner] (PRIDummy) :: Item [3] causing search overtime: "BloodTestKit"
19:24:59.62 [CE][LootRespawner] (PRIDummy) :: Item [4] causing search overtime: "BloodTestKit"
19:24:59.62 [CE][LootRespawner] (PRIDummy) :: Item [5] causing search overtime: "BloodTestKit"
19:24:59.66 [CE][LootRespawner] (PRIDummy) :: Item [19] is hard to place, performance drops: "Balaclava3Holes_Blue"
19:24:59.66 [CE][LootRespawner] (PRIDummy) :: Item [20] is hard to place, performance drops: "Balaclava3Holes_Blue"
19:24:59.68 [CE][LootRespawner] (PRIDummy) :: Item [21] is hard to place, performance drops: "Msp_BassAxe"
19:24:59.71 [CE][LootRespawner] (PRIDummy) :: Item [22] is hard to place, performance drops: "BomberJacket_Brown"
19:24:59.72 !!! [CE][Point] Removing 4931.937988, 6660.574707 from land_wrecked_ural
19:24:59.72 [CE][LootRespawner] (PRIDummy) :: Item [23] is hard to place, performance drops: "NylonKnifeSheath"
19:24:59.83 [CE][LootRespawner] (PRIDummy) :: Item [24] is hard to place, performance drops: "BearTrap"
19:24:59.83 [CE][LootRespawner] (PRIDummy) :: Item [25] is hard to place, performance drops: "BearTrap"
19:24:59.84 [CE][LootRespawner] (PRIDummy) :: Item [26] is hard to place, performance drops: "TrackSuitJacket_Red"
19:24:59.85 [CE][LootRespawner] (PRIDummy) :: Item [27] is hard to place, performance drops: "BomberJacket_Olive"
19:24:59.87 [CE][LootRespawner] (PRIDummy) :: Item [28] is hard to place, performance drops: "WG_CampingTent_Gray_Kit"
19:24:59.87 [CE][LootRespawner] (PRIDummy) :: Item [29] is hard to place, performance drops: "WG_CampingTent_Gray_Kit"
19:24:59.87 [CE][LootRespawner] (PRIDummy) :: Item [30] is hard to place, performance drops: "WG_CampingTent_Gray_Kit"
19:24:59.87 [CE][LootRespawner] (PRIDummy) :: Item [31] is hard to place, performance drops: "WG_CampingTent_Gray_Kit"
19:24:59.87 [CE][LootRespawner] (PRIDummy) :: Item [32] is hard to place, performance drops: "WG_CampingTent_Gray_Kit"
19:24:59.87 [CE][LootRespawner] (PRIDummy) :: Item [33] is hard to place, performance drops: "WG_CampingTent_Gray_Kit"
19:24:59.87 [CE][LootRespawner] (PRIDummy) :: Item [34] is hard to place, performance drops: "WG_CampingTent_Gray_Kit"
19:24:59.87 [CE][LootRespawner] (PRIDummy) :: Item [35] is hard to place, performance drops: "WG_CampingTent_Gray_Kit"
19:24:59.87 [CE][LootRespawner] (PRIDummy) :: Item [36] is hard to place, performance drops: "WG_CampingTent_Gray_Kit"
19:24:59.93 [CE][LootRespawner] (PRIDummy) :: Item [37] is hard to place, performance drops: "TShirt_Green"
19:24:59.93 [CE][LootRespawner] (PRIDummy) :: Item [38] is hard to place, performance drops: "TShirt_Green"
19:24:59.94 [CE][LootRespawner] (PRIDummy) :: Item [39] is hard to place, performance drops: "WoolCoat_Beige"
19:24:59.97 [CE][LootRespawner] (PRIDummy) :: Item [40] is hard to place, performance drops: "Jeans_Black"
19:24:59.97 !!! [CE][Point] Removing 5035.500977, 8162.964844 from land_hut_old01
19:24:59.97 [CE][LootRespawner] (PRIDummy) :: Item [41] is hard to place, performance drops: "Jeans_Black"
19:24:59.102 [CE][LootRespawner] (PRIDummy) :: Item [42] is hard to place, performance drops: "TShirt_Grey"
19:24:59.107 [CE][LootRespawner] (PRIDummy) :: Item [43] is hard to place, performance drops: "BalaclavaMask_Beige"
19:24:59.141 [CE][LootRespawner] (PRIDummy) :: Item [44] is hard to place, performance drops: "HunterPants_Spring"
19:24:59.142 [CE][LootRespawner] (PRIDummy) :: Item [45] is hard to place, performance drops: "GorkaPants_PautRev"
19:24:59.156 !!! [CE][Point] Removing 5032.167480, 8197.083984 from land_wrecked_ural_onside
19:24:59.156 [CE][LootRespawner] (PRIDummy) :: Item [46] is hard to place, performance drops: "LugWrench"
19:24:59.156 [CE][LootRespawner] (PRIDummy) :: Item [47] is hard to place, performance drops: "LugWrench"
19:24:59.157 [CE][LootRespawner] (PRIDummy) :: Item [48] is hard to place, performance drops: "LugWrench"
19:24:59.168 [CE][LootRespawner] (PRIDummy) :: Item [49] is hard to place, performance drops: "Hoodie_Brown"
19:24:59.170 [CE][LootRespawner] (PRIDummy) :: Item [50] is hard to place, performance drops: "FryingPan"
19:24:59.172 [CE][LootRespawner] (PRIDummy) :: Item [6] causing search overtime: "CP_CigarettePack_Empty"
19:24:59.172 [CE][LootRespawner] (PRIDummy) :: Item [7] causing search overtime: "CP_CigarettePack_Empty"
19:24:59.172 [CE][LootRespawner] (PRIDummy) :: Item [8] causing search overtime: "CP_CigarettePack_Empty"
19:24:59.172 [CE][LootRespawner] (PRIDummy) :: Item [9] causing search overtime: "CP_CigarettePack_Empty"
19:24:59.175 [CE][LootRespawner] (PRIDummy) :: Item [51] is hard to place, performance drops: "QuiltedJacket_Violet"
19:24:59.179 !!! [CE][Point] Removing 4177.679688, 8071.848633 from land_datsun01T
19:24:59.179 [CE][LootRespawner] (PRIDummy) :: Item [52] is hard to place, performance drops: "Hammer"
19:24:59.191 !!! [CE][Point] Removing 5765.984863, 8641.666016 from land_wrecked_ural
19:24:59.191 [CE][LootRespawner] (PRIDummy) :: Item [53] is hard to place, performance drops: "Chemlight_Green"
19:24:59.201 [CE][LootRespawner] (PRIDummy) :: Item [54] is hard to place, performance drops: "TaloonBag_Orange"
19:24:59.212 [CE][LootRespawner] (PRIDummy) :: Item [10] causing search overtime: "dzn_blueprint_lehs"
19:24:59.213 [CE][LootRespawner] (PRIDummy) :: Item [55] is hard to place, performance drops: "TaloonBag_Blue"
19:24:59.223 [CE][LootRespawner] (PRIDummy) :: Item [11] causing search overtime: "LabCoat"
19:24:59.224 [CE][LootRespawner] (PRIDummy) :: Item [56] is hard to place, performance drops: "WoolCoat_BlueCheck"
19:24:59.234 [CE][LootRespawner] (PRIDummy) :: Item [57] is hard to place, performance drops: "BDUPants"
19:24:59.236 [CE][LootRespawner] (PRIDummy) :: Item [58] is hard to place, performance drops: "TaloonBag_Green"
19:24:59.240 [CE][LootRespawner] (PRIDummy) :: Item [59] is hard to place, performance drops: "AthleticShoes_Green"
19:24:59.240 [CE][LootRespawner] (PRIDummy) :: Item [60] is hard to place, performance drops: "AthleticShoes_Green"
19:24:59.258 [CE][LootRespawner] (PRIDummy) :: Item [61] is hard to place, performance drops: "Mosin9130"
19:24:59.260 [CE][LootRespawner] (PRIDummy) :: Item [62] is hard to place, performance drops: "Mosin9130"
19:24:59.266 [CE][LootRespawner] (PRIDummy) :: Item [63] is hard to place, performance drops: "dzn_bubblegoose_blue"
19:24:59.266 [CE][LootRespawner] (PRIDummy) :: Item [64] is hard to place, performance drops: "AliceBag_Black"
19:24:59.271 [CE][LootRespawner] (PRIDummy) :: Item [65] is hard to place, performance drops: "MotoHelmet_Red"
19:24:59.279 [CE][LootRespawner] (PRIDummy) :: Item [66] is hard to place, performance drops: "TShirt_Blue"
19:24:59.284 !!! [CE][Point] Removing 5295.420410, 7099.399902 from land_wrecked_mi8_frozen
19:24:59.292 [CE][LootRespawner] (PRIDummy) :: Item [67] is hard to place, performance drops: "HunterPants_Brown"
19:24:59.293 [CE][LootRespawner] (PRIDummy) :: Item [68] is hard to place, performance drops: "Pipe"
19:24:59.299 [CE][LootRespawner] (PRIDummy) :: Item [69] is hard to place, performance drops: "Hoodie_Red"
19:24:59.301 [CE][LootRespawner] (PRIDummy) :: Item [70] is hard to place, performance drops: "Tripod"
19:24:59.301 [CE][LootRespawner] (PRIDummy) :: Item [71] is hard to place, performance drops: "SlingBag_Brown"
19:24:59.302 [CE][LootRespawner] (PRIDummy) :: Item [72] is hard to place, performance drops: "SlingBag_Brown"
19:24:59.308 [CE][LootRespawner] (PRIDummy) :: Item [73] is hard to place, performance drops: "WoodAxe"
19:24:59.308 [CE][LootRespawner] (PRIDummy) :: Item [74] is hard to place, performance drops: "WoodAxe"
19:24:59.312 [CE][LootRespawner] (PRIDummy) :: Item [75] is hard to place, performance drops: "Msp_DuffleBag_Green"
19:24:59.313 [CE][LootRespawner] (PRIDummy) :: Item [76] is hard to place, performance drops: "Hoodie_Green"
19:24:59.315 [CE][LootRespawner] (PRIDummy) :: Item [77] is hard to place, performance drops: "CZ527"
19:24:59.316 [CE][LootRespawner] (PRIDummy) :: Item [78] is hard to place, performance drops: "CZ527"
19:24:59.318 [CE][LootRespawner] (PRIDummy) :: Item [79] is hard to place, performance drops: "CZ527"
19:24:59.327 [CE][LootRespawner] (PRIDummy) :: Item [12] causing search overtime: "Msp_CoffinBox"
19:24:59.328 [CE][LootRespawner] (PRIDummy) :: Item [80] is hard to place, performance drops: "HandSaw"
19:24:59.328 [CE][LootRespawner] (PRIDummy) :: Item [81] is hard to place, performance drops: "HandSaw"
19:24:59.332 [CE][LootRespawner] (PRIDummy) :: Item [82] is hard to place, performance drops: "MountainBag_Blue"
19:24:59.337 [CE][LootRespawner] (PRIDummy) :: Item [83] is hard to place, performance drops: "Bandana_BlackPattern"
19:24:59.337 [CE][LootRespawner] (PRIDummy) :: Item [84] is hard to place, performance drops: "Bandana_BlackPattern"
19:24:59.338 [CE][LootRespawner] (PRIDummy) :: Item [85] is hard to place, performance drops: "BalaclavaMask_Blue"
19:24:59.339 [CE][LootRespawner] (PRIDummy) :: Item [86] is hard to place, performance drops: "BalaclavaMask_Blue"
19:24:59.340 [CE][LootRespawner] (PRIDummy) :: Item [87] is hard to place, performance drops: "Sneakers_Green"
19:24:59.343 [CE][LootRespawner] (PRIDummy) :: Item [88] is hard to place, performance drops: "HikingJacket_Black"
19:24:59.343 [CE][LootRespawner] (PRIDummy) :: Item [89] is hard to place, performance drops: "HikingJacket_Black"
19:24:59.343 [CE][LootRespawner] (PRIDummy) :: Item [90] is hard to place, performance drops: "DirtBikeHelmet_Red"
19:24:59.345 [CE][LootRespawner] (PRIDummy) :: Item [91] is hard to place, performance drops: "B95"
19:24:59.346 [CE][LootRespawner] (PRIDummy) :: Item [92] is hard to place, performance drops: "DressShoes_Brown"
19:24:59.347 [CE][LootRespawner] (PRIDummy) :: Item [13] causing search overtime: "CP_Relief_Balm"
19:24:59.347 [CE][LootRespawner] (PRIDummy) :: Item [14] causing search overtime: "CP_Relief_Balm"
19:24:59.347 [CE][LootRespawner] (PRIDummy) :: Item [15] causing search overtime: "CP_Relief_Balm"
19:24:59.347 [CE][LootRespawner] (PRIDummy) :: Item [16] causing search overtime: "CP_Relief_Balm"
19:24:59.347 [CE][LootRespawner] (PRIDummy) :: Item [17] causing search overtime: "CP_Relief_Balm"
19:24:59.353 [CE][LootRespawner] (PRIDummy) :: Item [93] is hard to place, performance drops: "MountainBag_Red"
19:24:59.353 [CE][LootRespawner] (PRIDummy) :: Item [94] is hard to place, performance drops: "MountainBag_Red"
19:24:59.353 [CE][LootRespawner] (PRIDummy) :: Item [95] is hard to place, performance drops: "MountainBag_Red"
19:24:59.356 !!! [CE][Point] Removing 6504.311523, 9286.791016 from land_wrecked_ural
19:24:59.356 [CE][LootRespawner] (PRIDummy) :: Item [96] is hard to place, performance drops: "TLRLight"
19:24:59.367 [CE][LootRespawner] (PRIDummy) :: Item [97] is hard to place, performance drops: "PrisonerCap"
19:24:59.368 [CE][LootRespawner] (PRIDummy) :: Item [18] causing search overtime: "SalineBag"
19:24:59.372 [CE][LootRespawner] (PRIDummy) :: Item [98] is hard to place, performance drops: "Cleaver"
19:24:59.375 [CE][LootRespawner] (PRIDummy) :: Item [99] is hard to place, performance drops: "TrackSuitJacket_LightBlue"
19:24:59.379 [CE][LootRespawner] (PRIDummy) :: Item [19] causing search overtime: "NurseDress_Blue"
19:24:59.410 !!! [CE][Point] Removing 5608.094727, 11072.156250 from land_ala_warehouse_small
19:24:59.410 [CE][LootRespawner] (PRIDummy) :: Item [100] is hard to place, performance drops: "Lockpick"
19:24:59.413 [CE][LootRespawner] (PRIDummy) :: Item [101] is hard to place, performance drops: "SkateHelmet_Gray"
19:24:59.426 [CE][LootRespawner] (PRIDummy) :: Item [102] is hard to place, performance drops: "SledgeHammer"
19:24:59.426 [CE][LootRespawner] (PRIDummy) :: Item [103] is hard to place, performance drops: "SledgeHammer"
19:24:59.430 !!! [CE][Point] Removing 6504.356445, 9291.453125 from land_wrecked_ural
19:24:59.430 [CE][LootRespawner] (PRIDummy) :: Item [104] is hard to place, performance drops: "MilitaryBelt"
19:24:59.431 [CE][LootRespawner] (PRIDummy) :: Item [105] is hard to place, performance drops: "PoliceJacket"
19:24:59.431 [CE][LootRespawner] (PRIDummy) :: Item [106] is hard to place, performance drops: "PoliceJacket"
19:24:59.443 [CE][LootRespawner] (PRIDummy) :: Item [107] is hard to place, performance drops: "Balaclava3Holes_Green"
19:24:59.443 [CE][LootRespawner] (PRIDummy) :: Item [108] is hard to place, performance drops: "Balaclava3Holes_Green"
19:24:59.454 [CE][LootRespawner] (PRIDummy) :: Item [109] is hard to place, performance drops: "Msp_SleepingBag_Purple"
19:24:59.455 [CE][LootRespawner] (PRIDummy) :: Item [110] is hard to place, performance drops: "Msp_Basket_Wicker"
19:24:59.455 [CE][LootRespawner] (PRIDummy) :: Item [111] is hard to place, performance drops: "Msp_Basket_Wicker"
19:24:59.455 [CE][LootRespawner] (PRIDummy) :: Item [112] is hard to place, performance drops: "Msp_Basket_Wicker"
19:24:59.455 [CE][LootRespawner] (PRIDummy) :: Item [113] is hard to place, performance drops: "Msp_Basket_Wicker"
19:24:59.455 [CE][LootRespawner] (PRIDummy) :: Item [114] is hard to place, performance drops: "Msp_Basket_Wicker"
19:24:59.459 [CE][LootRespawner] (PRIDummy) :: Item [115] is hard to place, performance drops: "BoonieHat_Red"
19:24:59.459 [CE][LootRespawner] (PRIDummy) :: Item [116] is hard to place, performance drops: "BoonieHat_Red"
19:24:59.459 [CE][LootRespawner] (PRIDummy) :: Item [117] is hard to place, performance drops: "Offroad_02_Wheel"
19:24:59.463 [CE][LootRespawner] (PRIDummy) :: Item [118] is hard to place, performance drops: "JumpsuitJacket_Gray"
19:24:59.463 [CE][LootRespawner] (PRIDummy) :: Item [119] is hard to place, performance drops: "JumpsuitJacket_Gray"
19:24:59.472 [CE][LootRespawner] (PRIDummy) :: Item [20] causing search overtime: "BloodBagEmpty"
19:24:59.472 [CE][LootRespawner] (PRIDummy) :: Item [21] causing search overtime: "BloodBagEmpty"
19:24:59.473 [CE][LootRespawner] (PRIDummy) :: Item [22] causing search overtime: "BloodBagEmpty"
19:24:59.478 [CE][LootRespawner] (PRIDummy) :: Item [120] is hard to place, performance drops: "NioshFaceMask"
19:24:59.485 [CE][LootRespawner] (PRIDummy) :: Item [23] causing search overtime: "SurgicalMask"
19:24:59.488 [CE][LootRespawner] (PRIDummy) :: Item [121] is hard to place, performance drops: "ManSuit_Black"
19:24:59.488 [CE][LootRespawner] (PRIDummy) :: Item [122] is hard to place, performance drops: "ManSuit_Black"
19:24:59.488 [CE][LootRespawner] (PRIDummy) :: Item [123] is hard to place, performance drops: "ManSuit_Black"
19:24:59.488 [CE][LootRespawner] (PRIDummy) :: Item [124] is hard to place, performance drops: "ManSuit_Black"
19:24:59.488 [CE][LootRespawner] (PRIDummy) :: Item [125] is hard to place, performance drops: "ManSuit_Black"
19:24:59.502 [CE][LootRespawner] (PRIDummy) :: Item [126] is hard to place, performance drops: "TaloonBag_Violet"
19:24:59.507 [CE][LootRespawner] (PRIDummy) :: Item [127] is hard to place, performance drops: "Sedan_02_Wheel"
19:24:59.508 [CE][LootRespawner] (PRIDummy) :: Item [128] is hard to place, performance drops: "Sedan_02_Wheel"
19:24:59.508 [CE][LootRespawner] (PRIDummy) :: Item [129] is hard to place, performance drops: "Sedan_02_Wheel"
19:24:59.508 [CE][LootRespawner] (PRIDummy) :: Item [130] is hard to place, performance drops: "Sedan_02_Wheel"
19:24:59.508 [CE][LootRespawner] (PRIDummy) :: Item [131] is hard to place, performance drops: "Hoodie_Black"
19:24:59.519 [CE][LootRespawner] (PRIDummy) :: Item [132] is hard to place, performance drops: "Sickle"
19:24:59.520 [CE][LootRespawner] (PRIDummy) :: Item [24] causing search overtime: "Sickle"
19:24:59.520 [CE][LootRespawner] (PRIDummy) :: Item [133] is hard to place, performance drops: "Sickle"
19:24:59.534 [CE][LootRespawner] (PRIDummy) :: Item [25] causing search overtime: "GardenLime"
19:24:59.534 [CE][LootRespawner] (PRIDummy) :: Item [26] causing search overtime: "GardenLime"
19:24:59.534 [CE][LootRespawner] (PRIDummy) :: Item [27] causing search overtime: "GardenLime"
19:24:59.534 [CE][LootRespawner] (PRIDummy) :: Item [28] causing search overtime: "GardenLime"
19:24:59.534 [CE][LootRespawner] (PRIDummy) :: Item [29] causing search overtime: "GardenLime"
19:24:59.534 [CE][LootRespawner] (PRIDummy) :: Item [30] causing search overtime: "GardenLime"
19:24:59.534 [CE][LootRespawner] (PRIDummy) :: Item [31] causing search overtime: "GardenLime"
19:24:59.534 [CE][LootRespawner] (PRIDummy) :: Item [32] causing search overtime: "GardenLime"
19:24:59.534 [CE][LootRespawner] (PRIDummy) :: Item [33] causing search overtime: "GardenLime"
19:24:59.534 [CE][LootRespawner] (PRIDummy) :: Item [34] causing search overtime: "GardenLime"
19:24:59.535 [CE][LootRespawner] (PRIDummy) :: Item [134] is hard to place, performance drops: "WorkingGloves_Yellow"
19:24:59.539 [CE][LootRespawner] (PRIDummy) :: Item [135] is hard to place, performance drops: "Crossbow_Wood"
19:24:59.551 [CE][LootRespawner] (PRIDummy) :: Item [35] causing search overtime: "StarlightOptic"
19:24:59.551 [CE][LootRespawner] (PRIDummy) :: Item [36] causing search overtime: "StarlightOptic"
19:24:59.551 [CE][LootRespawner] (PRIDummy) :: Item [136] is hard to place, performance drops: "Msp_Mattress_Blue"
19:24:59.557 [CE][LootRespawner] (PRIDummy) :: Item [137] is hard to place, performance drops: "CargoPants_Grey"
19:24:59.563 [CE][LootRespawner] (PRIDummy) :: Item [138] is hard to place, performance drops: "Sweater_Red"
19:24:59.569 [CE][LootRespawner] (PRIDummy) :: Item [37] causing search overtime: "Glock19"
19:24:59.573 [CE][LootRespawner] (PRIDummy) :: Item [139] is hard to place, performance drops: "Barrel_Green"
19:24:59.586 [CE][LootRespawner] (PRIDummy) :: Item [140] is hard to place, performance drops: "Msp_SleepingBag_Blue"
19:24:59.611 [CE][LootRespawner] (PRIDummy) :: Item [141] is hard to place, performance drops: "Colt1911"
19:24:59.627 [CE][LootRespawner] (PRIDummy) :: Item [142] is hard to place, performance drops: "GorkaEJacket_Summer"
19:24:59.627 [CE][LootRespawner] (PRIDummy) :: Item [143] is hard to place, performance drops: "GorkaEJacket_Summer"
19:24:59.627 [CE][LootRespawner] (PRIDummy) :: Item [144] is hard to place, performance drops: "GorkaEJacket_Summer"
19:24:59.627 [CE][LootRespawner] (PRIDummy) :: Item [145] is hard to place, performance drops: "GorkaEJacket_Summer"
19:24:59.638 [CE][LootRespawner] (PRIDummy) :: Item [38] causing search overtime: "Mag_SV98_10Rnd"
19:24:59.638 [CE][LootRespawner] (PRIDummy) :: Item [39] causing search overtime: "Mag_SV98_10Rnd"
19:24:59.638 [CE][LootRespawner] (PRIDummy) :: Item [40] causing search overtime: "Msp_MedicBag_Blue"
19:24:59.640 [CE][LootRespawner] (PRIDummy) :: Item [146] is hard to place, performance drops: "CargoPants_Blue"
19:24:59.640 [CE][LootRespawner] (PRIDummy) :: Item [147] is hard to place, performance drops: "JumpsuitJacket_Blue"
19:24:59.640 [CE][LootRespawner] (PRIDummy) :: Item [148] is hard to place, performance drops: "JumpsuitJacket_Blue"
19:24:59.641 [CE][LootRespawner] (PRIDummy) :: Item [149] is hard to place, performance drops: "JumpsuitJacket_Blue"
19:24:59.641 [CE][LootRespawner] (PRIDummy) :: Item [150] is hard to place, performance drops: "JumpsuitJacket_Blue"
19:24:59.641 [CE][LootRespawner] (PRIDummy) :: Item [151] is hard to place, performance drops: "JumpsuitJacket_Blue"
19:24:59.642 [CE][LootRespawner] (PRIDummy) :: Item [41] causing search overtime: "MedicalScrubsPants_Blue"
19:24:59.642 [CE][LootRespawner] (PRIDummy) :: Item [42] causing search overtime: "MedicalScrubsPants_Blue"
19:24:59.642 [CE][LootRespawner] (PRIDummy) :: Item [43] causing search overtime: "MedicalScrubsPants_Blue"
19:24:59.642 [CE][LootRespawner] (PRIDummy) :: Item [44] causing search overtime: "MedicalScrubsPants_Blue"
19:24:59.642 [CE][LootRespawner] (PRIDummy) :: Item [45] causing search overtime: "MedicalScrubsPants_Blue"
19:24:59.642 [CE][LootRespawner] (PRIDummy) :: Item [152] is hard to place, performance drops: "Machete"
19:24:59.643 [CE][LootRespawner] (PRIDummy) :: Item [46] causing search overtime: "Msp_ParamedicBag_NBC"
19:24:59.647 [CE][LootRespawner] (PRIDummy) :: Item [153] is hard to place, performance drops: "WeldingMask"
19:24:59.648 [CE][LootRespawner] (PRIDummy) :: Item [154] is hard to place, performance drops: "TrackSuitJacket_Blue"
19:24:59.651 [CE][LootRespawner] (PRIDummy) :: Item [155] is hard to place, performance drops: "Hoodie_Grey"
19:24:59.652 [CE][LootRespawner] (PRIDummy) :: Item [156] is hard to place, performance drops: "SmallProtectorCase"
19:24:59.652 [CE][LootRespawner] (PRIDummy) :: Item [157] is hard to place, performance drops: "HikingJacket_Green"
19:24:59.653 [CE][LootRespawner] (PRIDummy) :: Item [158] is hard to place, performance drops: "HikingJacket_Green"
19:24:59.665 [CE][LootRespawner] (PRIDummy) :: Item [47] causing search overtime: "FAMAS"
19:24:59.669 [CE][LootRespawner] (PRIDummy) :: Item [48] causing search overtime: "MedicalScrubsHat_White"
19:24:59.669 [CE][LootRespawner] (PRIDummy) :: Item [49] causing search overtime: "MedicalScrubsHat_White"
19:24:59.669 [CE][LootRespawner] (PRIDummy) :: Item [50] causing search overtime: "MedicalScrubsHat_White"
19:24:59.669 [CE][LootRespawner] (PRIDummy) :: Item [51] causing search overtime: "MedicalScrubsHat_White"
19:24:59.669 [CE][LootRespawner] (PRIDummy) :: Item [52] causing search overtime: "MedicalScrubsHat_White"
19:24:59.670 [CE][LootRespawner] (PRIDummy) :: Item [159] is hard to place, performance drops: "BeanieHat_Beige"
19:24:59.670 [CE][LootRespawner] (PRIDummy) :: Item [160] is hard to place, performance drops: "Rope"
19:24:59.670 [CE][LootRespawner] (PRIDummy) :: Item [161] is hard to place, performance drops: "Rope"
19:24:59.675 [CE][LootRespawner] (PRIDummy) :: Item [162] is hard to place, performance drops: "JumpsuitJacket_Red"
19:24:59.675 [CE][LootRespawner] (PRIDummy) :: Item [163] is hard to place, performance drops: "JumpsuitJacket_Red"
19:24:59.675 [CE][LootRespawner] (PRIDummy) :: Item [164] is hard to place, performance drops: "JumpsuitJacket_Red"
19:24:59.675 [CE][LootRespawner] (PRIDummy) :: Item [165] is hard to place, performance drops: "JumpsuitJacket_Red"
19:24:59.677 [CE][LootRespawner] (PRIDummy) :: Item [53] causing search overtime: "AugShort"
19:24:59.678 [CE][LootRespawner] (PRIDummy) :: Item [54] causing search overtime: "AugShort"
19:24:59.679 [CE][LootRespawner] (PRIDummy) :: Item [166] is hard to place, performance drops: "WorkingGloves_Beige"
19:24:59.680 [CE][LootRespawner] (PRIDummy) :: Item [167] is hard to place, performance drops: "WorkingGloves_Beige"
19:24:59.681 [CE][LootRespawner] (PRIDummy) :: Item [168] is hard to place, performance drops: "HikingJacket_Red"
19:24:59.683 [CE][LootRespawner] (PRIDummy) :: Item [55] causing search overtime: "MedicalScrubsShirt_White"
19:24:59.683 [CE][LootRespawner] (PRIDummy) :: Item [56] causing search overtime: "MedicalScrubsShirt_White"
19:24:59.683 [CE][LootRespawner] (PRIDummy) :: Item [57] causing search overtime: "MedicalScrubsShirt_White"
19:24:59.683 [CE][LootRespawner] (PRIDummy) :: Item [58] causing search overtime: "MedicalScrubsShirt_White"
19:24:59.683 [CE][LootRespawner] (PRIDummy) :: Item [59] causing search overtime: "MedicalScrubsShirt_White"
19:24:59.684 [CE][LootRespawner] (PRIDummy) :: Item [169] is hard to place, performance drops: "Pickaxe"
19:24:59.684 [CE][LootRespawner] (PRIDummy) :: Item [170] is hard to place, performance drops: "Pickaxe"
19:24:59.684 [CE][LootRespawner] (PRIDummy) :: Item [171] is hard to place, performance drops: "Pickaxe"
19:24:59.684 [CE][LootRespawner] (PRIDummy) :: Item [172] is hard to place, performance drops: "Pickaxe"
19:24:59.684 [CE][LootRespawner] (PRIDummy) :: Item [173] is hard to place, performance drops: "Pickaxe"
19:24:59.684 [CE][LootRespawner] (PRIDummy) :: Item [174] is hard to place, performance drops: "Pickaxe"
19:24:59.684 [CE][LootRespawner] (PRIDummy) :: Item [175] is hard to place, performance drops: "Pickaxe"
19:24:59.686 [CE][LootRespawner] (PRIDummy) :: Item [176] is hard to place, performance drops: "QuiltedJacket_Green"
19:24:59.688 [CE][LootRespawner] (PRIDummy) :: Item [177] is hard to place, performance drops: "Wellies_Grey"
19:24:59.691 [CE][LootRespawner] (PRIDummy) :: Item [178] is hard to place, performance drops: "Hatchback_02_Wheel"
19:24:59.691 [CE][LootRespawner] (PRIDummy) :: Item [179] is hard to place, performance drops: "Hatchback_02_Wheel"
19:24:59.692 [CE][LootRespawner] (PRIDummy) :: Item [180] is hard to place, performance drops: "JumpsuitPants_Grey"
19:24:59.693 [CE][LootRespawner] (PRIDummy) :: Item [181] is hard to place, performance drops: "JumpsuitPants_Grey"
19:24:59.693 [CE][LootRespawner] (PRIDummy) :: Item [182] is hard to place, performance drops: "JumpsuitPants_Grey"
19:24:59.694 [CE][LootRespawner] (PRIDummy) :: Item [183] is hard to place, performance drops: "Wrench"
19:24:59.696 [CE][LootRespawner] (PRIDummy) :: Item [60] causing search overtime: "FirefightersPants_Beige"
19:24:59.698 [CE][LootRespawner] (PRIDummy) :: Item [184] is hard to place, performance drops: "BatteryCharger"
19:24:59.698 [CE][LootRespawner] (PRIDummy) :: Item [185] is hard to place, performance drops: "BatteryCharger"
19:24:59.698 [CE][LootRespawner] (PRIDummy) :: Item [186] is hard to place, performance drops: "BatteryCharger"
19:24:59.698 [CE][LootRespawner] (PRIDummy) :: Item [187] is hard to place, performance drops: "BatteryCharger"
19:24:59.698 [CE][LootRespawner] (PRIDummy) :: Item [188] is hard to place, performance drops: "BatteryCharger"
19:24:59.698 [CE][LootRespawner] (PRIDummy) :: Item [189] is hard to place, performance drops: "BatteryCharger"
19:24:59.698 [CE][LootRespawner] (PRIDummy) :: Item [190] is hard to place, performance drops: "BatteryCharger"
19:24:59.699 [CE][LootRespawner] (PRIDummy) :: Item [191] is hard to place, performance drops: "BatteryCharger"
19:24:59.700 [CE][LootRespawner] (PRIDummy) :: Item [192] is hard to place, performance drops: "Msp_WaterBarrel_Plastic_Red"
19:24:59.703 [CE][LootRespawner] (PRIDummy) :: Item [193] is hard to place, performance drops: "NBCJacketGray"
19:24:59.703 [CE][LootRespawner] (PRIDummy) :: Item [194] is hard to place, performance drops: "NBCJacketGray"
19:24:59.703 [CE][LootRespawner] (PRIDummy) :: Item [195] is hard to place, performance drops: "NBCJacketGray"
19:24:59.704 [CE][LootRespawner] (PRIDummy) :: Item [196] is hard to place, performance drops: "NBCJacketGray"
19:24:59.704 [CE][LootRespawner] (PRIDummy) :: Item [197] is hard to place, performance drops: "NBCJacketGray"
19:24:59.704 [CE][LootRespawner] (PRIDummy) :: Item [198] is hard to place, performance drops: "NBCJacketGray"
19:24:59.704 [CE][LootRespawner] (PRIDummy) :: Item [199] is hard to place, performance drops: "NBCJacketGray"
19:24:59.704 [CE][LootRespawner] (PRIDummy) :: Item [200] is hard to place, performance drops: "NBCJacketGray"
19:24:59.705 [CE][LootRespawner] (PRIDummy) :: Item [201] is hard to place, performance drops: "MetalPlate"
19:24:59.705 [CE][LootRespawner] (PRIDummy) :: Item [202] is hard to place, performance drops: "MetalPlate"
19:24:59.705 [CE][LootRespawner] (PRIDummy) :: Item [203] is hard to place, performance drops: "MetalPlate"
19:24:59.705 [CE][LootRespawner] (PRIDummy) :: Item [204] is hard to place, performance drops: "MetalPlate"
19:24:59.705 [CE][LootRespawner] (PRIDummy) :: Item [205] is hard to place, performance drops: "MetalPlate"
19:24:59.705 [CE][LootRespawner] (PRIDummy) :: Item [206] is hard to place, performance drops: "MetalPlate"
19:24:59.705 [CE][LootRespawner] (PRIDummy) :: Item [207] is hard to place, performance drops: "MetalPlate"
19:24:59.706 [CE][LootRespawner] (PRIDummy) :: Item [208] is hard to place, performance drops: "MetalPlate"
19:24:59.706 [CE][LootRespawner] (PRIDummy) :: Item [209] is hard to place, performance drops: "MetalPlate"
19:24:59.706 [CE][LootRespawner] (PRIDummy) :: Item [210] is hard to place, performance drops: "MetalPlate"
19:24:59.706 [CE][LootRespawner] (PRIDummy) :: Item [211] is hard to place, performance drops: "MetalPlate"
19:24:59.706 [CE][LootRespawner] (PRIDummy) :: Item [212] is hard to place, performance drops: "MetalPlate"
19:24:59.706 [CE][LootRespawner] (PRIDummy) :: Item [213] is hard to place, performance drops: "MetalPlate"
19:24:59.706 [CE][LootRespawner] (PRIDummy) :: Item [214] is hard to place, performance drops: "MetalPlate"
19:24:59.706 [CE][LootRespawner] (PRIDummy) :: Item [215] is hard to place, performance drops: "MetalPlate"
19:24:59.706 [CE][LootRespawner] (PRIDummy) :: Item [216] is hard to place, performance drops: "MetalPlate"
19:24:59.706 [CE][LootRespawner] (PRIDummy) :: Item [217] is hard to place, performance drops: "MetalPlate"
19:24:59.706 [CE][LootRespawner] (PRIDummy) :: Item [218] is hard to place, performance drops: "MetalPlate"
19:24:59.706 [CE][LootRespawner] (PRIDummy) :: Item [219] is hard to place, performance drops: "MetalPlate"
19:24:59.706 [CE][LootRespawner] (PRIDummy) :: Item [220] is hard to place, performance drops: "MetalPlate"
19:24:59.706 [CE][LootRespawner] (PRIDummy) :: Item [61] causing search overtime: "MetalPlate"
19:24:59.706 [CE][LootRespawner] (PRIDummy) :: Item [221] is hard to place, performance drops: "MetalPlate"
19:24:59.706 [CE][LootRespawner] (PRIDummy) :: Item [222] is hard to place, performance drops: "MetalPlate"
19:24:59.706 [CE][LootRespawner] (PRIDummy) :: Item [223] is hard to place, performance drops: "MetalPlate"
19:24:59.706 [CE][LootRespawner] (PRIDummy) :: Item [224] is hard to place, performance drops: "MetalPlate"
19:24:59.706 [CE][LootRespawner] (PRIDummy) :: Item [225] is hard to place, performance drops: "MetalPlate"
19:24:59.707 [CE][LootRespawner] (PRIDummy) :: Item [226] is hard to place, performance drops: "MetalPlate"
19:24:59.707 [CE][LootRespawner] (PRIDummy) :: Item [227] is hard to place, performance drops: "MetalPlate"
19:24:59.707 [CE][LootRespawner] (PRIDummy) :: Item [228] is hard to place, performance drops: "MetalPlate"
19:24:59.707 [CE][LootRespawner] (PRIDummy) :: Item [229] is hard to place, performance drops: "MetalPlate"
19:24:59.707 [CE][LootRespawner] (PRIDummy) :: Item [230] is hard to place, performance drops: "MetalPlate"
19:24:59.707 [CE][LootRespawner] (PRIDummy) :: Item [231] is hard to place, performance drops: "MetalPlate"
19:24:59.707 [CE][LootRespawner] (PRIDummy) :: Item [232] is hard to place, performance drops: "MetalPlate"
19:24:59.707 [CE][LootRespawner] (PRIDummy) :: Item [233] is hard to place, performance drops: "MetalPlate"
19:24:59.707 [CE][LootRespawner] (PRIDummy) :: Item [234] is hard to place, performance drops: "MetalPlate"
19:24:59.708 [CE][LootRespawner] (PRIDummy) :: Item [235] is hard to place, performance drops: "WorkingBoots_Beige"
19:24:59.708 [CE][LootRespawner] (PRIDummy) :: Item [236] is hard to place, performance drops: "WorkingBoots_Beige"
19:24:59.710 [CE][LootRespawner] (PRIDummy) :: Initially (re)spawned:6510, Nominal:6540, Total in Map: 6544 at 1 (sec)
19:24:59.710   tests:6750, repeats:3 fails:237, overtime:62
19:24:59.711 [CE][Links] found 0 total links between groups, of 1
19:24:59.711 [CE][SpawnRandomLoot] (StaticMedDrop) :: Type: Misc_cargo_cont_net1, lootmin: 4, lootmax: 6, wanted: 5, deloot: 2, containermaxsum: 6
19:24:59.711 [CE][Links] found 0 total links between groups, of 2
19:24:59.711 [CE][SpawnRandomLoot] (StaticMedDrop) :: Type: Misc_cargo_cont_net1, lootmin: 4, lootmax: 6, wanted: 4, deloot: 2, containermaxsum: 6
19:24:59.712 [CE][Links] found 0 total links between groups, of 3
19:24:59.712 [CE][SpawnRandomLoot] (StaticMedDrop) :: Type: Misc_cargo_cont_net1, lootmin: 4, lootmax: 6, wanted: 5, deloot: 2, containermaxsum: 6
19:24:59.713 [CE][Links] found 0 total links between groups, of 4
19:24:59.713 [CE][SpawnRandomLoot] (StaticMedDrop) :: Type: Misc_cargo_cont_net1, lootmin: 4, lootmax: 6, wanted: 4, deloot: 2, containermaxsum: 6
19:24:59.714 [CE][Links] found 0 total links between groups, of 5
19:24:59.714 [CE][SpawnRandomLoot] (StaticMedDrop) :: Type: Misc_cargo_cont_net1, lootmin: 4, lootmax: 6, wanted: 4, deloot: 2, containermaxsum: 6
19:24:59.715 [CE][Links] found 0 total links between groups, of 6
19:24:59.715 [CE][SpawnRandomLoot] (StaticMedDrop) :: Type: Misc_cargo_cont_net1, lootmin: 4, lootmax: 6, wanted: 5, deloot: 2, containermaxsum: 6
19:24:59.717 [CE][Links] found 0 total links between groups, of 7
19:24:59.717 [CE][SpawnRandomLoot] (StaticLifeboat) :: Type: sea_oilrig_lifeboat, lootmin: 2, lootmax: 5, wanted: 4, deloot: 2, containermaxsum: 5
19:24:59.717 [CE][SpawnRandomLoot] (StaticLifeboat) :: No item found to spawn for DE! Spawned: 2 / 4 (enable log_ce_dynamicevent to see item lists for event)
19:25:00.472 [CE][Links] found 0 total links between groups, of 8
19:25:00.472 [CE][SpawnRandomLoot] (StaticHeliCrash) :: Type: Wreck_UH1Y, lootmin: 6, lootmax: 10, wanted: 9, deloot: 2, containermaxsum: 10
19:25:00.476 [CE][Links] found 0 total links between groups, of 9
19:25:00.476 [CE][SpawnRandomLoot] (StaticHeliCrash) :: Type: Wreck_Mi8_Crashed, lootmin: 6, lootmax: 10, wanted: 6, deloot: 2, containermaxsum: 10
19:25:00.479 [CE][Links] found 0 total links between groups, of 10
19:25:00.479 [CE][SpawnRandomLoot] (StaticHeliCrash) :: Type: Wreck_UH1Y, lootmin: 6, lootmax: 10, wanted: 6, deloot: 2, containermaxsum: 10
19:25:00.483 [CE][Links] found 0 total links between groups, of 11
19:25:00.483 [CE][SpawnRandomLoot] (StaticTrain) :: Type: StaticObj_Wreck_Train_742_Red_DE, lootmin: 1, lootmax: 3, wanted: 1, deloot: 0, containermaxsum: 2
19:25:00.483 [CE][SpawnRandomLoot] (StaticTrain) :: Type: StaticObj_Wreck_Train_742_Red_DE :: !!! Sum of container LootMax is lower than event child LootMax (2 < 3)
19:25:00.483 [CE][Links] found 0 total links between groups, of 12
19:25:00.483 [CE][SpawnRandomLoot] (StaticTrain) :: Type: StaticObj_Wreck_Train_Wagon_Tanker_DE, lootmin: 1, lootmax: 3, wanted: 1, deloot: 0, containermaxsum: 2
19:25:00.483 [CE][SpawnRandomLoot] (StaticTrain) :: Type: StaticObj_Wreck_Train_Wagon_Tanker_DE :: !!! Sum of container LootMax is lower than event child LootMax (2 < 3)
19:25:00.483 [CE][Links] found 0 total links between groups, of 13
19:25:00.483 [CE][SpawnRandomLoot] (StaticTrain) :: Type: StaticObj_Wreck_Train_Wagon_Tanker_DE, lootmin: 1, lootmax: 3, wanted: 2, deloot: 0, containermaxsum: 2
19:25:00.483 [CE][SpawnRandomLoot] (StaticTrain) :: Type: StaticObj_Wreck_Train_Wagon_Tanker_DE :: !!! Sum of container LootMax is lower than event child LootMax (2 < 3)
19:25:00.484 [CE][Links] found 0 total links between groups, of 14
19:25:00.484 [CE][SpawnRandomLoot] (StaticTrain) :: Type: Land_Train_Wagon_Box_DE, lootmin: 2, lootmax: 3, wanted: 2, deloot: 0, containermaxsum: 4
19:25:00.484 [CE][Links] found 0 total links between groups, of 15
19:25:00.484 [CE][SpawnRandomLoot] (StaticTrain) :: Type: Land_Train_Wagon_Box_DE, lootmin: 2, lootmax: 3, wanted: 2, deloot: 0, containermaxsum: 4
19:25:00.485 [CE][Links] found 0 total links between groups, of 16
19:25:00.485 [CE][SpawnRandomLoot] (StaticTrain) :: Type: Land_Train_Wagon_Box_DE, lootmin: 2, lootmax: 3, wanted: 2, deloot: 0, containermaxsum: 4
19:25:00.485 [CE][Links] found 0 total links between groups, of 17
19:25:00.485 [CE][SpawnRandomLoot] (StaticTrain) :: Type: Land_Train_Wagon_Box_DE, lootmin: 2, lootmax: 3, wanted: 2, deloot: 0, containermaxsum: 4
19:25:00.491 [CE][Links] found 0 total links between groups, of 18
19:25:00.491 [CE][SpawnRandomLoot] (StaticTrain) :: Type: StaticObj_Wreck_Train_742_Red_DE, lootmin: 1, lootmax: 3, wanted: 2, deloot: 0, containermaxsum: 2
19:25:00.491 [CE][SpawnRandomLoot] (StaticTrain) :: Type: StaticObj_Wreck_Train_742_Red_DE :: !!! Sum of container LootMax is lower than event child LootMax (2 < 3)
19:25:00.492 [CE][Links] found 0 total links between groups, of 19
19:25:00.492 [CE][SpawnRandomLoot] (StaticTrain) :: Type: Land_Train_Wagon_Box_Mil_DE, lootmin: 1, lootmax: 3, wanted: 2, deloot: 0, containermaxsum: 2
19:25:00.492 [CE][SpawnRandomLoot] (StaticTrain) :: Type: Land_Train_Wagon_Box_Mil_DE :: !!! Sum of container LootMax is lower than event child LootMax (2 < 3)
19:25:00.494 [CE][Links] found 0 total links between groups, of 20
19:25:00.494 [CE][SpawnRandomLoot] (StaticTrain) :: Type: Land_Train_Wagon_Box_Mil_DE, lootmin: 1, lootmax: 3, wanted: 2, deloot: 0, containermaxsum: 2
19:25:00.494 [CE][SpawnRandomLoot] (StaticTrain) :: Type: Land_Train_Wagon_Box_Mil_DE :: !!! Sum of container LootMax is lower than event child LootMax (2 < 3)
19:25:00.495 [CE][Links] found 0 total links between groups, of 21
19:25:00.495 [CE][SpawnRandomLoot] (StaticTrain) :: Type: Land_Train_Wagon_Box_Mil_DE, lootmin: 1, lootmax: 3, wanted: 1, deloot: 0, containermaxsum: 2
19:25:00.495 [CE][SpawnRandomLoot] (StaticTrain) :: Type: Land_Train_Wagon_Box_Mil_DE :: !!! Sum of container LootMax is lower than event child LootMax (2 < 3)
19:25:00.495 [CE][Links] found 0 total links between groups, of 22
19:25:00.495 [CE][SpawnRandomLoot] (StaticTrain) :: Type: Land_Train_Wagon_Box_Mil_DE, lootmin: 1, lootmax: 3, wanted: 2, deloot: 0, containermaxsum: 2
19:25:00.495 [CE][SpawnRandomLoot] (StaticTrain) :: Type: Land_Train_Wagon_Box_Mil_DE :: !!! Sum of container LootMax is lower than event child LootMax (2 < 3)
19:25:00.496 [CE][Links] found 0 total links between groups, of 23
19:25:00.496 [CE][SpawnRandomLoot] (StaticTrain) :: Type: Land_Train_Wagon_Box_DE, lootmin: 1, lootmax: 3, wanted: 2, deloot: 0, containermaxsum: 4
19:25:00.496 [CE][Links] found 0 total links between groups, of 24
19:25:00.496 [CE][SpawnRandomLoot] (StaticTrain) :: Type: Land_Train_Wagon_Box_DE, lootmin: 1, lootmax: 3, wanted: 1, deloot: 0, containermaxsum: 4
19:25:00.496 [CE][Links] found 0 total links between groups, of 25
19:25:00.496 [CE][SpawnRandomLoot] (StaticTrain) :: Type: Land_Train_Wagon_Box_DE, lootmin: 1, lootmax: 3, wanted: 1, deloot: 0, containermaxsum: 4
19:25:00.497 [CE][Links] found 0 total links between groups, of 26
19:25:00.497 [CE][SpawnRandomLoot] (StaticTrain) :: Type: StaticObj_Train_Wagon_Flat_Industrial_Planks_DE, lootmin: 1, lootmax: 3, wanted: 1, deloot: 0, containermaxsum: 2
19:25:00.497 [CE][SpawnRandomLoot] (StaticTrain) :: Type: StaticObj_Train_Wagon_Flat_Industrial_Planks_DE :: !!! Sum of container LootMax is lower than event child LootMax (2 < 3)
19:25:00.498 [CE][Links] found 0 total links between groups, of 27
19:25:00.498 [CE][SpawnRandomLoot] (StaticTrain) :: Type: StaticObj_Wreck_Train_Wagon_Flat_DE, lootmin: 1, lootmax: 3, wanted: 1, deloot: 0, containermaxsum: 2
19:25:00.498 [CE][SpawnRandomLoot] (StaticTrain) :: Type: StaticObj_Wreck_Train_Wagon_Flat_DE :: !!! Sum of container LootMax is lower than event child LootMax (2 < 3)
19:25:00.498 [CE][Links] found 0 total links between groups, of 28
19:25:00.498 [CE][SpawnRandomLoot] (StaticTrain) :: Type: StaticObj_Wreck_Train_Wagon_Flat_DE, lootmin: 1, lootmax: 3, wanted: 1, deloot: 0, containermaxsum: 2
19:25:00.498 [CE][SpawnRandomLoot] (StaticTrain) :: Type: StaticObj_Wreck_Train_Wagon_Flat_DE :: !!! Sum of container LootMax is lower than event child LootMax (2 < 3)
19:25:00.498 [CE][Links] found 2 total links between groups, of 29
19:25:00.498 [CE][SpawnRandomLoot] (StaticTrain) :: Type: Land_Container_1Aoh_DE, lootmin: 2, lootmax: 3, wanted: 2, deloot: 0, containermaxsum: 2
19:25:00.498 [CE][SpawnRandomLoot] (StaticTrain) :: Type: Land_Container_1Aoh_DE :: !!! Sum of container LootMax is lower than event child LootMax (2 < 3)
19:25:00.499 [CE][Links] found 4 total links between groups, of 30
19:25:00.499 [CE][SpawnRandomLoot] (StaticTrain) :: Type: Land_Container_1Aoh_DE, lootmin: 2, lootmax: 3, wanted: 2, deloot: 0, containermaxsum: 2
19:25:00.499 [CE][SpawnRandomLoot] (StaticTrain) :: Type: Land_Container_1Aoh_DE :: !!! Sum of container LootMax is lower than event child LootMax (2 < 3)
19:25:00.499 [CE][Links] found 6 total links between groups, of 31
19:25:00.499 [CE][SpawnRandomLoot] (StaticTrain) :: Type: Land_Container_1Aoh_DE, lootmin: 2, lootmax: 3, wanted: 2, deloot: 0, containermaxsum: 2
19:25:00.499 [CE][SpawnRandomLoot] (StaticTrain) :: Type: Land_Container_1Aoh_DE :: !!! Sum of container LootMax is lower than event child LootMax (2 < 3)
19:25:00.499 [CE][Links] found 8 total links between groups, of 32
19:25:00.499 [CE][SpawnRandomLoot] (StaticTrain) :: Type: Land_Container_1Aoh_DE, lootmin: 2, lootmax: 3, wanted: 2, deloot: 0, containermaxsum: 2
19:25:00.499 [CE][SpawnRandomLoot] (StaticTrain) :: Type: Land_Container_1Aoh_DE :: !!! Sum of container LootMax is lower than event child LootMax (2 < 3)
19:25:00.500 [CE][Links] found 10 total links between groups, of 33
19:25:00.500 [CE][SpawnRandomLoot] (StaticTrain) :: Type: Land_Container_1Bo_DE, lootmin: 2, lootmax: 3, wanted: 2, deloot: 0, containermaxsum: 2
19:25:00.500 [CE][SpawnRandomLoot] (StaticTrain) :: Type: Land_Container_1Bo_DE :: !!! Sum of container LootMax is lower than event child LootMax (2 < 3)
19:25:00.500 [CE][Links] found 10 total links between groups, of 34
19:25:00.500 [CE][SpawnRandomLoot] (StaticTrain) :: Type: StaticObj_Wreck_Ural_DE, lootmin: 1, lootmax: 3, wanted: 2, deloot: 0, containermaxsum: 3
19:25:00.503 [CE][SpawnRandomLoot] (StaticTrain) :: !!! No group configured for 'Land_wreck_truck01_aban1_firetruck_DE', failed to spawn loot
19:25:00.503 [CE][SpawnRandomLoot] (StaticTrain) :: !!! No group configured for 'Land_wreck_truck01_aban1_firetruck_DE', failed to spawn loot
19:25:00.504 [CE][Links] found 10 total links between groups, of 35
19:25:00.504 [CE][SpawnRandomLoot] (StaticTrain) :: Type: StaticObj_Wreck_Train_742_Red_Mil_DE, lootmin: 1, lootmax: 3, wanted: 2, deloot: 0, containermaxsum: 2
19:25:00.504 [CE][SpawnRandomLoot] (StaticTrain) :: Type: StaticObj_Wreck_Train_742_Red_Mil_DE :: !!! Sum of container LootMax is lower than event child LootMax (2 < 3)
19:25:00.505 [CE][Links] found 10 total links between groups, of 36
19:25:00.505 [CE][SpawnRandomLoot] (StaticTrain) :: Type: Land_Train_Wagon_Box_Mil_DE, lootmin: 1, lootmax: 3, wanted: 1, deloot: 0, containermaxsum: 2
19:25:00.505 [CE][SpawnRandomLoot] (StaticTrain) :: Type: Land_Train_Wagon_Box_Mil_DE :: !!! Sum of container LootMax is lower than event child LootMax (2 < 3)
19:25:00.505 [CE][Links] found 10 total links between groups, of 37
19:25:00.505 [CE][SpawnRandomLoot] (StaticTrain) :: Type: Land_Train_Wagon_Box_Mil_DE, lootmin: 1, lootmax: 3, wanted: 1, deloot: 0, containermaxsum: 2
19:25:00.505 [CE][SpawnRandomLoot] (StaticTrain) :: Type: Land_Train_Wagon_Box_Mil_DE :: !!! Sum of container LootMax is lower than event child LootMax (2 < 3)
19:25:00.505 [CE][Links] found 10 total links between groups, of 38
19:25:00.505 [CE][SpawnRandomLoot] (StaticTrain) :: Type: Land_Train_Wagon_Box_Mil_DE, lootmin: 1, lootmax: 3, wanted: 1, deloot: 0, containermaxsum: 2
19:25:00.505 [CE][SpawnRandomLoot] (StaticTrain) :: Type: Land_Train_Wagon_Box_Mil_DE :: !!! Sum of container LootMax is lower than event child LootMax (2 < 3)
19:25:00.506 [CE][Links] found 10 total links between groups, of 39
19:25:00.506 [CE][SpawnRandomLoot] (StaticTrain) :: Type: Land_Train_Wagon_Box_Mil_DE, lootmin: 1, lootmax: 3, wanted: 1, deloot: 0, containermaxsum: 2
19:25:00.506 [CE][SpawnRandomLoot] (StaticTrain) :: Type: Land_Train_Wagon_Box_Mil_DE :: !!! Sum of container LootMax is lower than event child LootMax (2 < 3)
19:25:00.506 [CE][Links] found 10 total links between groups, of 40
19:25:00.506 [CE][SpawnRandomLoot] (StaticTrain) :: Type: Land_Train_Wagon_Box_Mil_DE, lootmin: 1, lootmax: 3, wanted: 1, deloot: 0, containermaxsum: 2
19:25:00.506 [CE][SpawnRandomLoot] (StaticTrain) :: Type: Land_Train_Wagon_Box_Mil_DE :: !!! Sum of container LootMax is lower than event child LootMax (2 < 3)
19:25:00.506 [CE][Links] found 10 total links between groups, of 41
19:25:00.506 [CE][SpawnRandomLoot] (StaticTrain) :: Type: StaticObj_Wreck_Train_Wagon_Tanker_Mil_DE, lootmin: 1, lootmax: 3, wanted: 1, deloot: 0, containermaxsum: 2
19:25:00.506 [CE][SpawnRandomLoot] (StaticTrain) :: Type: StaticObj_Wreck_Train_Wagon_Tanker_Mil_DE :: !!! Sum of container LootMax is lower than event child LootMax (2 < 3)
19:25:00.507 [CE][Links] found 10 total links between groups, of 42
19:25:00.507 [CE][SpawnRandomLoot] (StaticTrain) :: Type: StaticObj_Wreck_Train_Wagon_Flat_Mil_DE, lootmin: 1, lootmax: 3, wanted: 2, deloot: 0, containermaxsum: 2
19:25:00.507 [CE][SpawnRandomLoot] (StaticTrain) :: Type: StaticObj_Wreck_Train_Wagon_Flat_Mil_DE :: !!! Sum of container LootMax is lower than event child LootMax (2 < 3)
19:25:00.507 [CE][Links] found 10 total links between groups, of 43
19:25:00.507 [CE][SpawnRandomLoot] (StaticTrain) :: Type: StaticObj_Wreck_Train_Wagon_Flat_Mil_DE, lootmin: 1, lootmax: 3, wanted: 1, deloot: 0, containermaxsum: 2
19:25:00.507 [CE][SpawnRandomLoot] (StaticTrain) :: Type: StaticObj_Wreck_Train_Wagon_Flat_Mil_DE :: !!! Sum of container LootMax is lower than event child LootMax (2 < 3)
19:25:00.508 [CE][Links] found 10 total links between groups, of 44
19:25:00.508 [CE][SpawnRandomLoot] (StaticTrain) :: Type: StaticObj_Wreck_Train_Wagon_Flat_Mil_DE, lootmin: 1, lootmax: 3, wanted: 2, deloot: 0, containermaxsum: 2
19:25:00.508 [CE][SpawnRandomLoot] (StaticTrain) :: Type: StaticObj_Wreck_Train_Wagon_Flat_Mil_DE :: !!! Sum of container LootMax is lower than event child LootMax (2 < 3)
19:25:00.508 [CE][Links] found 12 total links between groups, of 45
19:25:00.508 [CE][SpawnRandomLoot] (StaticTrain) :: Type: Land_Container_1Moh_DE, lootmin: 2, lootmax: 3, wanted: 2, deloot: 0, containermaxsum: 2
19:25:00.508 [CE][SpawnRandomLoot] (StaticTrain) :: Type: Land_Container_1Moh_DE :: !!! Sum of container LootMax is lower than event child LootMax (2 < 3)
19:25:00.508 [CE][Links] found 14 total links between groups, of 46
19:25:00.508 [CE][SpawnRandomLoot] (StaticTrain) :: Type: Land_Container_1Moh_DE, lootmin: 2, lootmax: 3, wanted: 2, deloot: 0, containermaxsum: 2
19:25:00.508 [CE][SpawnRandomLoot] (StaticTrain) :: Type: Land_Container_1Moh_DE :: !!! Sum of container LootMax is lower than event child LootMax (2 < 3)
19:25:00.509 [CE][Links] found 16 total links between groups, of 47
19:25:00.509 [CE][SpawnRandomLoot] (StaticTrain) :: Type: Land_Container_1Moh_DE, lootmin: 2, lootmax: 3, wanted: 2, deloot: 0, containermaxsum: 2
19:25:00.509 [CE][SpawnRandomLoot] (StaticTrain) :: Type: Land_Container_1Moh_DE :: !!! Sum of container LootMax is lower than event child LootMax (2 < 3)
19:25:00.510 [CE][Links] found 18 total links between groups, of 48
19:25:00.510 [CE][SpawnRandomLoot] (StaticTrain) :: Type: Land_Container_1Moh_DE, lootmin: 2, lootmax: 3, wanted: 2, deloot: 0, containermaxsum: 2
19:25:00.510 [CE][SpawnRandomLoot] (StaticTrain) :: Type: Land_Container_1Moh_DE :: !!! Sum of container LootMax is lower than event child LootMax (2 < 3)
19:25:00.510 [CE][Links] found 20 total links between groups, of 49
19:25:00.510 [CE][SpawnRandomLoot] (StaticTrain) :: Type: Land_Container_1Moh_DE, lootmin: 2, lootmax: 3, wanted: 2, deloot: 0, containermaxsum: 2
19:25:00.510 [CE][SpawnRandomLoot] (StaticTrain) :: Type: Land_Container_1Moh_DE :: !!! Sum of container LootMax is lower than event child LootMax (2 < 3)
19:25:00.510 [CE][Links] found 22 total links between groups, of 50
19:25:00.510 [CE][SpawnRandomLoot] (StaticTrain) :: Type: Land_Container_1Moh_DE, lootmin: 2, lootmax: 3, wanted: 2, deloot: 0, containermaxsum: 2
19:25:00.510 [CE][SpawnRandomLoot] (StaticTrain) :: Type: Land_Container_1Moh_DE :: !!! Sum of container LootMax is lower than event child LootMax (2 < 3)
19:25:00.510 [CE][DynEvent] :: 23 types
19:25:00.510 [00] Loot
19:25:00.510   Primary Spawner: "Loot", active: yes, repeat: 2
19:25:00.510 [01] StaticMedDrop
19:25:00.510   Primary Spawner: "Static", active: yes, repeat: 1
19:25:00.510 [02] StaticLifeboat
19:25:00.510   Primary Spawner: "Static", active: yes, repeat: 1
19:25:00.510 [03] ItemWoodenPlanks
19:25:00.510   Primary Spawner: "Item", active: yes, repeat: 1
19:25:00.510 [04] TrajectoryStones
19:25:00.510   Primary Spawner: "Trajectory", active: yes, repeat: 1
19:25:00.510 [05] InfectedSanta
19:25:00.510   Primary Spawner: "Infected", active: yes, repeat: 1