=====================================================================
== D:\TCAFiles\Users\jeremyw2\4073784\DayZServer_x64.exe
== D:\TCAFiles\Users\jeremyw2\4073784\DayZServer_x64.exe -config=D:\TCAFiles\Users\jeremyw2\4073784\Config.cfg -ip=45.59.162.21 -port=2491 "-mod=@CF;@Code Lock;@VPPAdminTools;@BaseBuildingPlus;@MuchFramework;@MuchStuffPack;@CannabisPlus;@Ear-Plugs;@DrugsPLUS;@SchanaModGlobalChat;@PvZmoD_CustomisableZombies;@MMG Base Storage;@Namalsk Island;@Namalsk Survival" "-servermod=" -profiles=D:\TCAFiles\Users\jeremyw2\4073784\profiles -name=profiles -BEpath=D:\TCAFiles\Users\jeremyw2\4073784\profiles\Battleye       -limitFPS=0
=====================================================================
Exe timestamp: 2024/08/19 08:49:29
Current time:  2024/08/29 13:56:30
Version 1.25.158593
=====================================================================

13:56:30.269 [Inputs] Loading inputs default "bin/constants.xml"
13:56:30.271 [Inputs] Loading inputs default "bin/specific.xml"
13:56:30.272 [Inputs] Loading inputs default "BBP_keybind/data/modded_Inputs.xml"
13:56:30.272 [Inputs] Loading inputs default "EarPlugs/data/inputs.xml"
13:56:30.272 [Inputs] Loading inputs default "LIVEN/PvZmoD_CustomisableZombies/inputs.xml"
13:56:30.272 [Inputs] Loading inputs default "nst/ns_dayz/scripts/Data/Inputs.xml"
13:56:30.272 [Inputs] Loading inputs default "VPPAdminTools/data/modded_Inputs.xml"
13:56:30.273 [Inputs] Loading inputs default "SchanaModGlobalChat/Data/Inputs.xml"
13:56:30.273 !!! [Inputs] Cannot load inputs default "", file does not exist
13:56:30.273 !!! [Inputs] Failed to load MODDED inputs - file name/ path invalid?
13:56:30.273 [Inputs] Loading inputs cfg "D:\TCAFiles\Users\jeremyw2\4073784\profiles\Users\profiles\Server.core.xml"
13:56:30.281 [Inputs] Exporting inputs cfg "D:\TCAFiles\Users\jeremyw2\4073784\profiles\Users\profiles\Server.core.xml"
13:56:36.627 [CE][Hive] :: Initializing OFFLINE
13:56:36.627 [StorageDirs] :: Selected storage directory: D:\TCAFiles\Users\jeremyw2\4073784\mpmissions\regular.namalsk\storage_380881\
13:56:36.628 [CE][Hive] :: Loading core data ... 
13:56:36.629 [CE][CoreData] :: 7 root classes, 0 defaults, 0 updaters...
13:56:39.511 [CE] :: WARNING :: Preset map "headsFirefighter" is EMPTY.
13:56:39.512 [CE][TypeSetup] :: 589 classes setuped...
13:56:40.390 [CE][RegisterBind] :: 0 classes binded...
13:56:40.391 [CE][RegisterConfig] :: 12115 config classes registered, 0 sub-counters...
13:56:40.391 [CE][Hive] :: Loading map data ... 
13:56:40.427 [CE][LoadPrototype] :: loaded 325 prototypes
13:56:40.428   477 containers, 8006 points
13:56:40.428   35 dispatches, 122 proxies
13:56:40.428 !!! [CE][LoadPrototype] 1 groups have wrong points...
13:56:40.428 [CE][LoadPrototype] :: last group name: StaticObj_Misc_SupplyBox3_DE...
13:56:40.436 [CE][LoadPrototype] :: loaded 0 prototypes
13:56:40.436   38 containers, 66 points
13:56:40.436   0 dispatches, 0 proxies
13:56:40.436 [CE][LoadPrototype] :: last group name: StoneLoc38...
13:56:40.473 [CE][LoadMap] "Group" :: loaded 1445 groups, groups failed: 0, largest group range: 36.4
13:56:40.474 [CE][LoadMap] "Dirt" :: loaded 0 groups, groups failed: 0, largest group range: 36.4
13:56:40.476 [CE][Links] found 472 total links between groups, of 1445
13:56:40.476 [CE][LoadClusters] "Cluster" :: Loading files...
13:56:40.490 [CE][LoadClusters] :: file: "mapgroupcluster.xml", 1 types, 2418 instances
13:56:40.491 [CE][Storage] ver:21 stamp:1174, valid:yes, name:"D:\TCAFiles\Users\jeremyw2\4073784\mpmissions\regular.namalsk\storage_380881\data\types.bin"
13:56:40.496 [CE][Storage] ver:21 stamp:562, valid:yes, name:"D:\TCAFiles\Users\jeremyw2\4073784\mpmissions\regular.namalsk\storage_380881\data\types.001"
13:56:40.502 [CE][Storage] ver:21 stamp:563, valid:yes, name:"D:\TCAFiles\Users\jeremyw2\4073784\mpmissions\regular.namalsk\storage_380881\data\types.002"
13:56:40.502 [CE][Storage] Restoring file "D:\TCAFiles\Users\jeremyw2\4073784\mpmissions\regular.namalsk\storage_380881\data\types.bin".
13:56:40.573 [CE][offlineDB] :: Loaded 23 dynamic events 175 total types.
13:56:40.597 !!! [CE][offlineDB] :: Type 'ChristmasTree' will be ignored. (Not spawnable. (Scope is not public?))
13:56:40.631 !!! [CE][offlineDB] :: Type 'CigarettePack_Chernamorka' will be ignored. (Type does not exist. (Typo?))
13:56:40.631 !!! [CE][offlineDB] :: Type 'CigarettePack_Merkur' will be ignored. (Type does not exist. (Typo?))
13:56:40.631 !!! [CE][offlineDB] :: Type 'CigarettePack_Partyzanka' will be ignored. (Type does not exist. (Typo?))
13:56:40.671 [CE][DE][SPAWNS] :: Total positions: 705
13:56:40.671 [CE][DE][GROUPS] :: Total eventgroups defined: 11, Eventgroups in use: 11
13:56:40.671 [CE][Storage] ver:21 stamp:1174, valid:yes, name:"D:\TCAFiles\Users\jeremyw2\4073784\mpmissions\regular.namalsk\storage_380881\data\events.bin"
13:56:40.675 [CE][Storage] ver:21 stamp:562, valid:yes, name:"D:\TCAFiles\Users\jeremyw2\4073784\mpmissions\regular.namalsk\storage_380881\data\events.001"
13:56:40.676 [CE][Storage] ver:21 stamp:563, valid:yes, name:"D:\TCAFiles\Users\jeremyw2\4073784\mpmissions\regular.namalsk\storage_380881\data\events.002"
13:56:40.676 [CE][Storage] Restoring file "D:\TCAFiles\Users\jeremyw2\4073784\mpmissions\regular.namalsk\storage_380881\data\events.bin".
13:56:40.676 [CE][DynamicEvent] Load  Events:[23] Primary spawners: 23 Secondary spawners: 2
13:56:40.676 [CE][Storage] ver:25 stamp:1174, valid:yes, name:"D:\TCAFiles\Users\jeremyw2\4073784\mpmissions\regular.namalsk\storage_380881\data\dynamic_000.bin"
13:56:40.677 [CE][Storage] ver:25 stamp:562, valid:yes, name:"D:\TCAFiles\Users\jeremyw2\4073784\mpmissions\regular.namalsk\storage_380881\data\dynamic_000.001"
13:56:40.678 [CE][Storage] ver:25 stamp:563, valid:yes, name:"D:\TCAFiles\Users\jeremyw2\4073784\mpmissions\regular.namalsk\storage_380881\data\dynamic_000.002"
13:56:40.678 [CE][Storage] Restoring file "D:\TCAFiles\Users\jeremyw2\4073784\mpmissions\regular.namalsk\storage_380881\data\dynamic_000.bin" 10 items.
13:56:40.681   10 items loaded. (0 failed)
13:56:40.682 [CE][Storage] ver:25 stamp:1174, valid:yes, name:"D:\TCAFiles\Users\jeremyw2\4073784\mpmissions\regular.namalsk\storage_380881\data\dynamic_001.bin"
13:56:40.686 [CE][Storage] ver:25 stamp:562, valid:yes, name:"D:\TCAFiles\Users\jeremyw2\4073784\mpmissions\regular.namalsk\storage_380881\data\dynamic_001.001"
13:56:40.688 [CE][Storage] ver:25 stamp:563, valid:yes, name:"D:\TCAFiles\Users\jeremyw2\4073784\mpmissions\regular.namalsk\storage_380881\data\dynamic_001.002"
13:56:40.688 [CE][Storage] Restoring file "D:\TCAFiles\Users\jeremyw2\4073784\mpmissions\regular.namalsk\storage_380881\data\dynamic_001.bin" 39 items.
13:56:40.710   39 items loaded. (0 failed)
13:56:40.711 [CE][Storage] ver:25 stamp:1174, valid:yes, name:"D:\TCAFiles\Users\jeremyw2\4073784\mpmissions\regular.namalsk\storage_380881\data\dynamic_002.bin"
13:56:40.715 [CE][Storage] ver:25 stamp:562, valid:yes, name:"D:\TCAFiles\Users\jeremyw2\4073784\mpmissions\regular.namalsk\storage_380881\data\dynamic_002.001"
13:56:40.719 [CE][Storage] ver:25 stamp:563, valid:yes, name:"D:\TCAFiles\Users\jeremyw2\4073784\mpmissions\regular.namalsk\storage_380881\data\dynamic_002.002"
13:56:40.719 [CE][Storage] Restoring file "D:\TCAFiles\Users\jeremyw2\4073784\mpmissions\regular.namalsk\storage_380881\data\dynamic_002.bin" 74 items.
13:56:40.757   74 items loaded. (0 failed)
13:56:40.757 [CE][Storage] ver:25 stamp:1174, valid:yes, name:"D:\TCAFiles\Users\jeremyw2\4073784\mpmissions\regular.namalsk\storage_380881\data\dynamic_003.bin"
13:56:40.763 [CE][Storage] ver:25 stamp:562, valid:yes, name:"D:\TCAFiles\Users\jeremyw2\4073784\mpmissions\regular.namalsk\storage_380881\data\dynamic_003.001"
13:56:40.768 [CE][Storage] ver:25 stamp:563, valid:yes, name:"D:\TCAFiles\Users\jeremyw2\4073784\mpmissions\regular.namalsk\storage_380881\data\dynamic_003.002"
13:56:40.768 [CE][Storage] Restoring file "D:\TCAFiles\Users\jeremyw2\4073784\mpmissions\regular.namalsk\storage_380881\data\dynamic_003.bin" 842 items.
13:56:41.44   842 items loaded. (0 failed)
13:56:41.44 [CE][Storage] ver:25 stamp:1174, valid:yes, name:"D:\TCAFiles\Users\jeremyw2\4073784\mpmissions\regular.namalsk\storage_380881\data\dynamic_004.bin"
13:56:41.51 [CE][Storage] ver:25 stamp:562, valid:yes, name:"D:\TCAFiles\Users\jeremyw2\4073784\mpmissions\regular.namalsk\storage_380881\data\dynamic_004.001"
13:56:41.57 [CE][Storage] ver:25 stamp:563, valid:yes, name:"D:\TCAFiles\Users\jeremyw2\4073784\mpmissions\regular.namalsk\storage_380881\data\dynamic_004.002"
13:56:41.57 [CE][Storage] Restoring file "D:\TCAFiles\Users\jeremyw2\4073784\mpmissions\regular.namalsk\storage_380881\data\dynamic_004.bin" 1809 items.
13:56:41.436   1809 items loaded. (0 failed)
13:56:41.436 [CE][Storage] ver:25 stamp:1174, valid:yes, name:"D:\TCAFiles\Users\jeremyw2\4073784\mpmissions\regular.namalsk\storage_380881\data\dynamic_005.bin"
13:56:41.442 [CE][Storage] ver:25 stamp:562, valid:yes, name:"D:\TCAFiles\Users\jeremyw2\4073784\mpmissions\regular.namalsk\storage_380881\data\dynamic_005.001"
13:56:41.447 [CE][Storage] ver:25 stamp:563, valid:yes, name:"D:\TCAFiles\Users\jeremyw2\4073784\mpmissions\regular.namalsk\storage_380881\data\dynamic_005.002"
13:56:41.447 [CE][Storage] Restoring file "D:\TCAFiles\Users\jeremyw2\4073784\mpmissions\regular.namalsk\storage_380881\data\dynamic_005.bin" 593 items.
13:56:41.567   593 items loaded. (0 failed)
13:56:41.567 [CE][Storage] ver:25 stamp:1174, valid:yes, name:"D:\TCAFiles\Users\jeremyw2\4073784\mpmissions\regular.namalsk\storage_380881\data\dynamic_006.bin"
13:56:41.574 [CE][Storage] ver:25 stamp:562, valid:yes, name:"D:\TCAFiles\Users\jeremyw2\4073784\mpmissions\regular.namalsk\storage_380881\data\dynamic_006.001"
13:56:41.581 [CE][Storage] ver:25 stamp:563, valid:yes, name:"D:\TCAFiles\Users\jeremyw2\4073784\mpmissions\regular.namalsk\storage_380881\data\dynamic_006.002"
13:56:41.581 [CE][Storage] Restoring file "D:\TCAFiles\Users\jeremyw2\4073784\mpmissions\regular.namalsk\storage_380881\data\dynamic_006.bin" 2127 items.
13:56:41.970   2127 items loaded. (0 failed)
13:56:41.970 [CE][Storage] ver:25 stamp:1174, valid:yes, name:"D:\TCAFiles\Users\jeremyw2\4073784\mpmissions\regular.namalsk\storage_380881\data\dynamic_007.bin"
13:56:41.975 [CE][Storage] ver:25 stamp:562, valid:yes, name:"D:\TCAFiles\Users\jeremyw2\4073784\mpmissions\regular.namalsk\storage_380881\data\dynamic_007.001"
13:56:41.980 [CE][Storage] ver:25 stamp:563, valid:yes, name:"D:\TCAFiles\Users\jeremyw2\4073784\mpmissions\regular.namalsk\storage_380881\data\dynamic_007.002"
13:56:41.980 [CE][Storage] Restoring file "D:\TCAFiles\Users\jeremyw2\4073784\mpmissions\regular.namalsk\storage_380881\data\dynamic_007.bin" 652 items.
13:56:42.97   652 items loaded. (0 failed)
13:56:42.97 [CE][Storage] ver:25 stamp:1174, valid:yes, name:"D:\TCAFiles\Users\jeremyw2\4073784\mpmissions\regular.namalsk\storage_380881\data\dynamic_008.bin"
13:56:42.103 [CE][Storage] ver:25 stamp:562, valid:yes, name:"D:\TCAFiles\Users\jeremyw2\4073784\mpmissions\regular.namalsk\storage_380881\data\dynamic_008.001"
13:56:42.107 [CE][Storage] ver:25 stamp:563, valid:yes, name:"D:\TCAFiles\Users\jeremyw2\4073784\mpmissions\regular.namalsk\storage_380881\data\dynamic_008.002"
13:56:42.107 [CE][Storage] Restoring file "D:\TCAFiles\Users\jeremyw2\4073784\mpmissions\regular.namalsk\storage_380881\data\dynamic_008.bin" 131 items.
13:56:42.138   131 items loaded. (0 failed)
13:56:42.138 [CE][Storage] ver:25 stamp:1174, valid:yes, name:"D:\TCAFiles\Users\jeremyw2\4073784\mpmissions\regular.namalsk\storage_380881\data\dynamic_009.bin"
13:56:42.139 [CE][Storage] ver:25 stamp:562, valid:yes, name:"D:\TCAFiles\Users\jeremyw2\4073784\mpmissions\regular.namalsk\storage_380881\data\dynamic_009.001"
13:56:42.140 [CE][Storage] ver:25 stamp:563, valid:yes, name:"D:\TCAFiles\Users\jeremyw2\4073784\mpmissions\regular.namalsk\storage_380881\data\dynamic_009.002"
13:56:42.140 [CE][Storage] Restoring file "D:\TCAFiles\Users\jeremyw2\4073784\mpmissions\regular.namalsk\storage_380881\data\dynamic_009.bin" 0 items.
13:56:42.140   0 items loaded. (0 failed)
13:56:42.141 [CE][Storage] ver:25 stamp:1174, valid:yes, name:"D:\TCAFiles\Users\jeremyw2\4073784\mpmissions\regular.namalsk\storage_380881\data\dynamic_010.bin"
13:56:42.146 [CE][Storage] ver:25 stamp:562, valid:yes, name:"D:\TCAFiles\Users\jeremyw2\4073784\mpmissions\regular.namalsk\storage_380881\data\dynamic_010.001"
13:56:42.150 [CE][Storage] ver:25 stamp:563, valid:yes, name:"D:\TCAFiles\Users\jeremyw2\4073784\mpmissions\regular.namalsk\storage_380881\data\dynamic_010.002"
13:56:42.150 [CE][Storage] Restoring file "D:\TCAFiles\Users\jeremyw2\4073784\mpmissions\regular.namalsk\storage_380881\data\dynamic_010.bin" 43 items.
13:56:42.166   43 items loaded. (0 failed)
13:56:42.166 [CE][Storage] ver:25 stamp:1174, valid:yes, name:"D:\TCAFiles\Users\jeremyw2\4073784\mpmissions\regular.namalsk\storage_380881\data\dynamic_011.bin"
13:56:42.171 [CE][Storage] ver:25 stamp:562, valid:yes, name:"D:\TCAFiles\Users\jeremyw2\4073784\mpmissions\regular.namalsk\storage_380881\data\dynamic_011.001"
13:56:42.176 [CE][Storage] ver:25 stamp:563, valid:yes, name:"D:\TCAFiles\Users\jeremyw2\4073784\mpmissions\regular.namalsk\storage_380881\data\dynamic_011.002"
13:56:42.176 [CE][Storage] Restoring file "D:\TCAFiles\Users\jeremyw2\4073784\mpmissions\regular.namalsk\storage_380881\data\dynamic_011.bin" 48 items.
13:56:42.189   48 items loaded. (0 failed)
13:56:42.189 [CE][Storage] ver:26 stamp:1174, valid:yes, name:"D:\TCAFiles\Users\jeremyw2\4073784\mpmissions\regular.namalsk\storage_380881\data\building.bin"
13:56:42.193 [CE][Storage] ver:26 stamp:562, valid:yes, name:"D:\TCAFiles\Users\jeremyw2\4073784\mpmissions\regular.namalsk\storage_380881\data\building.001"
13:56:42.197 [CE][Storage] ver:26 stamp:563, valid:yes, name:"D:\TCAFiles\Users\jeremyw2\4073784\mpmissions\regular.namalsk\storage_380881\data\building.002"
13:56:42.197 [CE][Storage] Restoring file "D:\TCAFiles\Users\jeremyw2\4073784\mpmissions\regular.namalsk\storage_380881\data\building.bin" 0 items.
13:56:42.197   0 items loaded. (0 failed)
13:56:42.197 [CE][Storage] ver:25 stamp:1174, valid:yes, name:"D:\TCAFiles\Users\jeremyw2\4073784\mpmissions\regular.namalsk\storage_380881\data\vehicles.bin"
13:56:42.202 [CE][Storage] ver:25 stamp:562, valid:yes, name:"D:\TCAFiles\Users\jeremyw2\4073784\mpmissions\regular.namalsk\storage_380881\data\vehicles.001"
13:56:42.206 [CE][Storage] ver:25 stamp:563, valid:yes, name:"D:\TCAFiles\Users\jeremyw2\4073784\mpmissions\regular.namalsk\storage_380881\data\vehicles.002"
13:56:42.206 [CE][Storage] Restoring file "D:\TCAFiles\Users\jeremyw2\4073784\mpmissions\regular.namalsk\storage_380881\data\vehicles.bin" 109 items.
13:56:42.276   109 items loaded. (0 failed)
13:56:42.289 [CE][Hive] :: Storage load took:1.61 seconds, recovery stamp:1174
13:56:42.289   entity: 7095, building: 0
13:56:42.290   no lifetime: 17
13:56:42.290   pathgraph's: 320
13:56:42.290 [CE][Hive] :: Initializing ... 
13:56:42.301 [CE][InitializeMap] :: initialized: 0
13:56:42.301 [CE][Hive] :: Initializing spawners ... 
13:56:42.301 [CE][LootRespawner] (PRIDummy) :: Initially (re)spawned:0, Nominal:6617, Total in Map: 6514 at 0 (sec)
13:56:42.301   tests:0, repeats:0 fails:0, overtime:0
13:56:43.04 [CE][DynEvent] :: 23 types
13:56:43.04 [00] Loot
13:56:43.04   Primary Spawner: "Loot", active: yes, repeat: 2
13:56:43.04 [01] StaticMedDrop
13:56:43.04   Primary Spawner: "Static", active: yes, repeat: 1
13:56:43.04 [02] StaticLifeboat
13:56:43.04   Primary Spawner: "Static", active: yes, repeat: 1
13:56:43.04 [03] ItemWoodenPlanks
13:56:43.04   Primary Spawner: "Item", active: yes, repeat: 1
13:56:43.04 [04] TrajectoryStones
13:56:43.04   Primary Spawner: "Trajectory", active: yes, repeat: 1
13:56:43.04 [05] InfectedSanta
13:56:43.04   Primary Spawner: "Infected", active: yes, repeat: 1
13:56:43.04 [06] InfectedArmy
13:56:43.04   Primary Spawner: "Infected", active: yes, repeat: 1
13:56:43.04 [07] InfectedIndustrial
13:56:43.04   Primary Spawner: "Infected", active: yes, repeat: 1
13:56:43.04 [08] InfectedCivil
13:56:43.04   Primary Spawner: "Infected", active: yes, repeat: 1
13:56:43.05 [09] InfectedMedic
13:56:43.05   Primary Spawner: "Infected", active: yes, repeat: 1
13:56:43.05 [10] AnimalGoat
13:56:43.05   Primary Spawner: "Animal", active: yes, repeat: 1
13:56:43.05 [11] AnimalSheep
13:56:43.05   Primary Spawner: "Animal", active: yes, repeat: 1
13:56:43.05 [12] AnimalRoeDeer
13:56:43.05   Primary Spawner: "Animal", active: yes, repeat: 1
13:56:43.05 [13] AnimalDeer
13:56:43.05   Primary Spawner: "Animal", active: yes, repeat: 1
13:56:43.05 [14] AnimalWildBoar
13:56:43.05   Primary Spawner: "Animal", active: yes, repeat: 1
13:56:43.05 [15] AnimalWolf
13:56:43.05   Primary Spawner: "Animal", active: yes, repeat: 1
13:56:43.05 [16] AnimalBrownBear
13:56:43.05   Primary Spawner: "Animal", active: yes, repeat: 1
13:56:43.05 [17] AnimalPolarBear
13:56:43.05   Primary Spawner: "Animal", active: yes, repeat: 1
13:56:43.05 [18] VehicleCivilianCars
13:56:43.05   Primary Spawner: "Vehicle", active: yes, repeat: 1
13:56:43.05 [19] VehicleTrucks
13:56:43.05   Primary Spawner: "Vehicle", active: yes, repeat: 1
13:56:43.05 [20] VehicleMilitary
13:56:43.05   Primary Spawner: "Vehicle", active: yes, repeat: 1
13:56:43.05 [21] StaticHeliCrash
13:56:43.05   Primary Spawner: "Static", active: yes, repeat: 1
13:56:43.05   Secondary Spawner: "Infected", active: yes, repeat: 1
13:56:43.05 [22] StaticTrain
13:56:43.05   Primary Spawner: "Static", active: yes, repeat: 1
13:56:43.05   Secondary Spawner: "Infected", active: yes, repeat: 1
13:56:43.05 [CE][Hive] :: Initializing of spawners done.
13:56:43.07 [CE][Hive] :: Init sequence finished.
13:56:43.07 Player connect enabled
13:56:43.300 [IdleMode] Entering IN - save processed
18:28:42.518 [Login]: Adding player LEOF8840 (30871499) to login queue at position 0
18:28:42.518 [LoginMachine]: Add player LEOF8840 (30871499 190.2.108.201:59607)
18:28:42.518 [StateMachine]: Player LEOF8840 (dpnid 30871499 uid ) Entering AuthPlayerLoginState
18:28:43.605 [StateMachine]: Player LEOF8840 (dpnid 30871499 uid ) Entering WaitAuthPlayerLoginState
18:28:46.573 Player LEOF8840 (id=TK4fNDu_xVi_LduSsMBKMuTTiJZDgFOJN9-8PXjArz4=) has connected.
18:28:46.573 Player "LEOF8840" is connected (steamID=76561199196303004)
18:28:46.573 [StateMachine]: Player LEOF8840 (dpnid 30871499 uid ) Entering WaitPlayerAssignedLoginState
18:28:46.650 [IdleMode] Leaving OUT
18:28:47.543 [StateMachine]: Player LEOF8840 (dpnid 30871499 uid ) Entering PlayerAssignedLoginState
18:28:47.543 [StateMachine]: Player LEOF8840 (dpnid 30871499 uid TK4fNDu_xVi_LduSsMBKMuTTiJZDgFOJN9-8PXjArz4=) Entering DBGetLoginTimeLoginState
18:28:47.544 [StateMachine]: Player LEOF8840 (dpnid 30871499 uid TK4fNDu_xVi_LduSsMBKMuTTiJZDgFOJN9-8PXjArz4=) Entering DBWaitLoginTimeLoginState
18:29:02.544 [StateMachine]: Player LEOF8840 (dpnid 30871499 uid TK4fNDu_xVi_LduSsMBKMuTTiJZDgFOJN9-8PXjArz4=) Entering DBGetCharacterLoginState
18:29:02.545 [StateMachine]: Player LEOF8840 (dpnid 30871499 uid TK4fNDu_xVi_LduSsMBKMuTTiJZDgFOJN9-8PXjArz4=) Entering CreateNetObjectsLoginState
18:29:02.546 [StateMachine]: Player LEOF8840 (dpnid 30871499 uid TK4fNDu_xVi_LduSsMBKMuTTiJZDgFOJN9-8PXjArz4=) Entering PreloadCamLoginState
18:29:02.546 [StateMachine]: Player LEOF8840 (dpnid 30871499 uid TK4fNDu_xVi_LduSsMBKMuTTiJZDgFOJN9-8PXjArz4=) Entering WaitPreloadCamLoginState
18:29:08.750 [CE][LootRespawner] (PRIDummy) :: Item [0] causing search overtime: "CP_Relief_Balm"
18:29:09.272 [StateMachine]: Player LEOF8840 (dpnid 30871499 uid TK4fNDu_xVi_LduSsMBKMuTTiJZDgFOJN9-8PXjArz4=) Entering GetLoadedCharLoginState
18:29:10.813 <LOAD EXISTING CHAR>:
    charID 1
    playerID 1
    dpnid 30871499
    uid TK4fNDu_xVi_LduSsMBKMuTTiJZDgFOJN9-8PXjArz4=
18:29:11.515 [CE][LootRespawner] (PRIDummy) :: Item [0] is hard to place, performance drops: "TrackSuitJacket_LightBlue"
